Archive member included to satisfy reference by file (symbol)

C:/msys64/ucrt64/bin/../lib/gcc/x86_64-w64-mingw32/14.1.0/../../../../lib/libkernel32.a(libkernel32s01618.o)
                              C:/msys64/ucrt64/bin/../lib/gcc/x86_64-w64-mingw32/14.1.0/../../../../lib/crt2.o (__C_specific_handler)
C:/msys64/ucrt64/bin/../lib/gcc/x86_64-w64-mingw32/14.1.0/../../../../lib/libkernel32.a(libkernel32s01443.o)
                              C:/msys64/ucrt64/bin/../lib/gcc/x86_64-w64-mingw32/14.1.0/../../../../lib/crt2.o (__imp_Sleep)
C:/msys64/ucrt64/bin/../lib/gcc/x86_64-w64-mingw32/14.1.0/../../../../lib/libkernel32.a(libkernel32s01427.o)
                              C:/msys64/ucrt64/bin/../lib/gcc/x86_64-w64-mingw32/14.1.0/../../../../lib/crt2.o (__imp_SetUnhandledExceptionFilter)
C:/msys64/ucrt64/bin/../lib/gcc/x86_64-w64-mingw32/14.1.0/../../../../lib/libkernel32.a(libkernel32h.o)
                              C:/msys64/ucrt64/bin/../lib/gcc/x86_64-w64-mingw32/14.1.0/../../../../lib/libkernel32.a(libkernel32s01618.o) (_head_lib64_libkernel32_a)
C:/msys64/ucrt64/bin/../lib/gcc/x86_64-w64-mingw32/14.1.0/../../../../lib/libkernel32.a(libkernel32t.o)
                              C:/msys64/ucrt64/bin/../lib/gcc/x86_64-w64-mingw32/14.1.0/../../../../lib/libkernel32.a(libkernel32h.o) (__lib64_libkernel32_a_iname)
C:/msys64/ucrt64/bin/../lib/gcc/x86_64-w64-mingw32/14.1.0/../../../../lib/libstdc++.dll.a(libstdc___6_dll_d005701.o)
                              CMakeFiles/SWC.dir/D_/Git_Projects/project_0001_0000_CSWC/05-Source/02-Stub/main.cpp.obj (std::basic_ostream<char, std::char_traits<char> >& std::operator<< <std::char_traits<char> >(std::basic_ostream<char, std::char_traits<char> >&, char const*))
C:/msys64/ucrt64/bin/../lib/gcc/x86_64-w64-mingw32/14.1.0/../../../../lib/libstdc++.dll.a(libstdc___6_dll_d005582.o)
                              CMakeFiles/SWC.dir/D_/Git_Projects/project_0001_0000_CSWC/05-Source/02-Stub/main.cpp.obj (std::basic_ostream<char, std::char_traits<char> >& std::endl<char, std::char_traits<char> >(std::basic_ostream<char, std::char_traits<char> >&))
C:/msys64/ucrt64/bin/../lib/gcc/x86_64-w64-mingw32/14.1.0/../../../../lib/libstdc++.dll.a(libstdc___6_dll_d005581.o)
                              CMakeFiles/SWC.dir/D_/Git_Projects/project_0001_0000_CSWC/05-Source/02-Stub/main.cpp.obj (std::cout)
C:/msys64/ucrt64/bin/../lib/gcc/x86_64-w64-mingw32/14.1.0/../../../../lib/libstdc++.dll.a(libstdc___6_dll_d005578.o)
                              CMakeFiles/SWC.dir/D_/Git_Projects/project_0001_0000_CSWC/05-Source/02-Stub/main.cpp.obj (std::cin)
C:/msys64/ucrt64/bin/../lib/gcc/x86_64-w64-mingw32/14.1.0/../../../../lib/libstdc++.dll.a(libstdc___6_dll_d001921.o)
                              CMakeFiles/SWC.dir/D_/Git_Projects/project_0001_0000_CSWC/05-Source/02-Stub/main.cpp.obj (std::ostream::operator<<(int))
C:/msys64/ucrt64/bin/../lib/gcc/x86_64-w64-mingw32/14.1.0/../../../../lib/libstdc++.dll.a(libstdc___6_dll_d001912.o)
                              CMakeFiles/SWC.dir/D_/Git_Projects/project_0001_0000_CSWC/05-Source/02-Stub/main.cpp.obj (std::ostream::operator<<(std::ostream& (*)(std::ostream&)))
C:/msys64/ucrt64/bin/../lib/gcc/x86_64-w64-mingw32/14.1.0/../../../../lib/libstdc++.dll.a(libstdc___6_dll_d001871.o)
                              CMakeFiles/SWC.dir/D_/Git_Projects/project_0001_0000_CSWC/05-Source/02-Stub/main.cpp.obj (std::istream::operator>>(int&))
C:/msys64/ucrt64/bin/../lib/gcc/x86_64-w64-mingw32/14.1.0/../../../../lib/libstdc++.dll.a(libstdc___6_dll_d000000.o)
                              C:/msys64/ucrt64/bin/../lib/gcc/x86_64-w64-mingw32/14.1.0/../../../../lib/libstdc++.dll.a(libstdc___6_dll_d005701.o) (_head_libstdc___6_dll)
C:/msys64/ucrt64/bin/../lib/gcc/x86_64-w64-mingw32/14.1.0/../../../../lib/libstdc++.dll.a(libstdc___6_dll_d006854.o)
                              C:/msys64/ucrt64/bin/../lib/gcc/x86_64-w64-mingw32/14.1.0/../../../../lib/libstdc++.dll.a(libstdc___6_dll_d000000.o) (libstdc___6_dll_iname)
C:/msys64/ucrt64/bin/../lib/gcc/x86_64-w64-mingw32/14.1.0/../../../../lib/libmingw32.a(lib64_libmingw32_a-gccmain.o)
                              C:/msys64/ucrt64/bin/../lib/gcc/x86_64-w64-mingw32/14.1.0/../../../../lib/crt2.o (__main)
C:/msys64/ucrt64/bin/../lib/gcc/x86_64-w64-mingw32/14.1.0/../../../../lib/libmingw32.a(lib64_libmingw32_a-natstart.o)
                              C:/msys64/ucrt64/bin/../lib/gcc/x86_64-w64-mingw32/14.1.0/../../../../lib/crt2.o (__native_startup_lock)
C:/msys64/ucrt64/bin/../lib/gcc/x86_64-w64-mingw32/14.1.0/../../../../lib/libmingw32.a(lib64_libmingw32_a-wildcard.o)
                              C:/msys64/ucrt64/bin/../lib/gcc/x86_64-w64-mingw32/14.1.0/../../../../lib/crt2.o (_dowildcard)
C:/msys64/ucrt64/bin/../lib/gcc/x86_64-w64-mingw32/14.1.0/../../../../lib/libmingw32.a(lib64_libmingw32_a-dllargv.o)
                              C:/msys64/ucrt64/bin/../lib/gcc/x86_64-w64-mingw32/14.1.0/../../../../lib/crt2.o (_setargv)
[...]
Memory Configuration

Name             Origin             Length             Attributes
FLASH            0x0000000140000000 0x0000000000080000 xr
RAM              0x0000002000000000 0x0000000000020000 rw
*default*        0x0000000000000000 0xffffffffffffffff

Linker script and memory map

                0x0000000140000000                __image_base__ = 0x140000000
                0x0000000000000000                __dll__ = 0x0
                0x0000000140000000                __ImageBase = 0x140000000
                0x0000000000001000                __section_alignment__ = 0x1000
                0x0000000000000200                __file_alignment__ = 0x200
                0x0000000000000004                __major_os_version__ = 0x4
                0x0000000000000000                __minor_os_version__ = 0x0
                0x0000000000000000                __major_image_version__ = 0x0
                0x0000000000000000                __minor_image_version__ = 0x0
                0x0000000000000005                __major_subsystem_version__ = 0x5
                0x0000000000000002                __minor_subsystem_version__ = 0x2
                0x0000000000000003                __subsystem__ = 0x3
                0x0000000000200000                __size_of_stack_reserve__ = 0x200000
                0x0000000000001000                __size_of_stack_commit__ = 0x1000
                0x0000000000100000                __size_of_heap_reserve__ = 0x100000
                0x0000000000001000                __size_of_heap_commit__ = 0x1000
                0x0000000000000000                __loader_flags__ = 0x0
                0x0000000000000160                __dll_characteristics__ = 0x160
LOAD C:/msys64/ucrt64/bin/../lib/gcc/x86_64-w64-mingw32/14.1.0/../../../../lib/crt2.o
LOAD C:/msys64/ucrt64/bin/../lib/gcc/x86_64-w64-mingw32/14.1.0/crtbegin.o
LOAD CMakeFiles/SWC.dir/D_/Git_Projects/project_0001_0000_CSWC/05-Source/03-Cfg/CSWC_cfg.cpp.obj
LOAD CMakeFiles/SWC.dir/D_/Git_Projects/project_0001_0000_CSWC/05-Source/04-Src/CSWC_prg.cpp.obj
LOAD CMakeFiles/SWC.dir/D_/Git_Projects/project_0001_0000_CSWC/05-Source/02-Stub/main.cpp.obj
LOAD C:/msys64/ucrt64/bin/../lib/gcc/x86_64-w64-mingw32/14.1.0/../../../../lib/libkernel32.a
LOAD C:/msys64/ucrt64/bin/../lib/gcc/x86_64-w64-mingw32/14.1.0/../../../../lib/libuser32.a
LOAD C:/msys64/ucrt64/bin/../lib/gcc/x86_64-w64-mingw32/14.1.0/../../../../lib/libgdi32.a
LOAD C:/msys64/ucrt64/bin/../lib/gcc/x86_64-w64-mingw32/14.1.0/../../../../lib/libwinspool.a
LOAD C:/msys64/ucrt64/bin/../lib/gcc/x86_64-w64-mingw32/14.1.0/../../../../lib/libshell32.a
LOAD C:/msys64/ucrt64/bin/../lib/gcc/x86_64-w64-mingw32/14.1.0/../../../../lib/libole32.a
LOAD C:/msys64/ucrt64/bin/../lib/gcc/x86_64-w64-mingw32/14.1.0/../../../../lib/liboleaut32.a
LOAD C:/msys64/ucrt64/bin/../lib/gcc/x86_64-w64-mingw32/14.1.0/../../../../lib/libuuid.a
LOAD C:/msys64/ucrt64/bin/../lib/gcc/x86_64-w64-mingw32/14.1.0/../../../../lib/libcomdlg32.a
LOAD C:/msys64/ucrt64/bin/../lib/gcc/x86_64-w64-mingw32/14.1.0/../../../../lib/libadvapi32.a
LOAD C:/msys64/ucrt64/bin/../lib/gcc/x86_64-w64-mingw32/14.1.0/../../../../lib/libstdc++.dll.a
LOAD C:/msys64/ucrt64/bin/../lib/gcc/x86_64-w64-mingw32/14.1.0/../../../../lib/libmingw32.a
LOAD C:/msys64/ucrt64/bin/../lib/gcc/x86_64-w64-mingw32/14.1.0/../../../../lib/libgcc_s.a
LOAD C:/msys64/ucrt64/bin/../lib/gcc/x86_64-w64-mingw32/14.1.0/libgcc.a
LOAD C:/msys64/ucrt64/bin/../lib/gcc/x86_64-w64-mingw32/14.1.0/../../../../lib/libmingwex.a
LOAD C:/msys64/ucrt64/bin/../lib/gcc/x86_64-w64-mingw32/14.1.0/../../../../lib/libmsvcrt.a
LOAD C:/msys64/ucrt64/bin/../lib/gcc/x86_64-w64-mingw32/14.1.0/../../../../lib/libkernel32.a
LOAD C:/msys64/ucrt64/bin/../lib/gcc/x86_64-w64-mingw32/14.1.0/../../../../lib/libpthread.dll.a
LOAD C:/msys64/ucrt64/bin/../lib/gcc/x86_64-w64-mingw32/14.1.0/../../../../lib/libadvapi32.a
LOAD C:/msys64/ucrt64/bin/../lib/gcc/x86_64-w64-mingw32/14.1.0/../../../../lib/libshell32.a
LOAD C:/msys64/ucrt64/bin/../lib/gcc/x86_64-w64-mingw32/14.1.0/../../../../lib/libuser32.a
LOAD C:/msys64/ucrt64/bin/../lib/gcc/x86_64-w64-mingw32/14.1.0/../../../../lib/libkernel32.a
LOAD C:/msys64/ucrt64/bin/../lib/gcc/x86_64-w64-mingw32/14.1.0/../../../../lib/libmingw32.a
LOAD C:/msys64/ucrt64/bin/../lib/gcc/x86_64-w64-mingw32/14.1.0/../../../../lib/libgcc_s.a
LOAD C:/msys64/ucrt64/bin/../lib/gcc/x86_64-w64-mingw32/14.1.0/libgcc.a
LOAD C:/msys64/ucrt64/bin/../lib/gcc/x86_64-w64-mingw32/14.1.0/../../../../lib/libmingwex.a
LOAD C:/msys64/ucrt64/bin/../lib/gcc/x86_64-w64-mingw32/14.1.0/../../../../lib/libmsvcrt.a
LOAD C:/msys64/ucrt64/bin/../lib/gcc/x86_64-w64-mingw32/14.1.0/../../../../lib/libkernel32.a
LOAD C:/msys64/ucrt64/bin/../lib/gcc/x86_64-w64-mingw32/14.1.0/../../../../lib/default-manifest.o
LOAD C:/msys64/ucrt64/bin/../lib/gcc/x86_64-w64-mingw32/14.1.0/crtend.o
                0x00000000000004a8                . = SIZEOF_HEADERS
                0x0000000000001000                . = ALIGN (__section_alignment__)

.text           0x0000000140001000     0x1c00
 *(SORT_NONE(.init))
 *(.text)
 .text          0x0000000140001000      0x430 C:/msys64/ucrt64/bin/../lib/gcc/x86_64-w64-mingw32/14.1.0/../../../../lib/crt2.o
                0x00000001400013d0                WinMainCRTStartup
                0x00000001400013f0                mainCRTStartup
                0x0000000140001410                atexit
 .text          0x0000000140001430       0x20 C:/msys64/ucrt64/bin/../lib/gcc/x86_64-w64-mingw32/14.1.0/crtbegin.o
                0x0000000140001430                __gcc_register_frame
                0x0000000140001440                __gcc_deregister_frame
 .text          0x0000000140001450       0x10 CMakeFiles/SWC.dir/D_/Git_Projects/project_0001_0000_CSWC/05-Source/03-Cfg/CSWC_cfg.cpp.obj
                0x0000000140001450                CSWC_vInitCallBack()
 .text          0x0000000140001460       0x30 CMakeFiles/SWC.dir/D_/Git_Projects/project_0001_0000_CSWC/05-Source/04-Src/CSWC_prg.cpp.obj
                0x0000000140001460                CSWC_vInit()
                0x000000014000147c                CSWC_vTaskMgmt()
 .text          0x0000000140001490       0xf0 CMakeFiles/SWC.dir/D_/Git_Projects/project_0001_0000_CSWC/05-Source/02-Stub/main.cpp.obj
                0x0000000140001490                main
 .text          0x0000000140001580        0x8 C:/msys64/ucrt64/bin/../lib/gcc/x86_64-w64-mingw32/14.1.0/../../../../lib/libkernel32.a(libkernel32s01618.o)
                0x0000000140001580                __C_specific_handler
 .text          0x0000000140001588        0x8 C:/msys64/ucrt64/bin/../lib/gcc/x86_64-w64-mingw32/14.1.0/../../../../lib/libstdc++.dll.a(libstdc___6_dll_d005701.o)
                0x0000000140001588                std::basic_ostream<char, std::char_traits<char> >& std::operator<< <std::char_traits<char> >(std::basic_ostream<char, std::char_traits<char> >&, char const*)
 .text          0x0000000140001590        0x8 C:/msys64/ucrt64/bin/../lib/gcc/x86_64-w64-mingw32/14.1.0/../../../../lib/libstdc++.dll.a(libstdc___6_dll_d005582.o)
                0x0000000140001590                std::basic_ostream<char, std::char_traits<char> >& std::endl<char, std::char_traits<char> >(std::basic_ostream<char, std::char_traits<char> >&)
 .text          0x0000000140001598        0x8 C:/msys64/ucrt64/bin/../lib/gcc/x86_64-w64-mingw32/14.1.0/../../../../lib/libstdc++.dll.a(libstdc___6_dll_d001921.o)
                0x0000000140001598                std::ostream::operator<<(int)
 .text          0x00000001400015a0        0x8 C:/msys64/ucrt64/bin/../lib/gcc/x86_64-w64-mingw32/14.1.0/../../../../lib/libstdc++.dll.a(libstdc___6_dll_d001912.o)
                0x00000001400015a0                std::ostream::operator<<(std::ostream& (*)(std::ostream&))
 .text          0x00000001400015a8        0x8 C:/msys64/ucrt64/bin/../lib/gcc/x86_64-w64-mingw32/14.1.0/../../../../lib/libstdc++.dll.a(libstdc___6_dll_d001871.o)
                0x00000001400015a8                std::istream::operator>>(int&)
 .text          0x00000001400015b0       0xd0 C:/msys64/ucrt64/bin/../lib/gcc/x86_64-w64-mingw32/14.1.0/../../../../lib/libmingw32.a(lib64_libmingw32_a-gccmain.o)
                0x00000001400015b0                __do_global_dtors
                0x00000001400015f0                __do_global_ctors
                0x0000000140001660                __main
 .text          0x0000000140001680       0x10 C:/msys64/ucrt64/bin/../lib/gcc/x86_64-w64-mingw32/14.1.0/../../../../lib/libmingw32.a(lib64_libmingw32_a-dllargv.o)
                0x0000000140001680                _setargv
 .text          0x0000000140001690       0xd0 C:/msys64/ucrt64/bin/../lib/gcc/x86_64-w64-mingw32/14.1.0/../../../../lib/libmingw32.a(lib64_libmingw32_a-tlssup.o)
                0x00000001400016c0                __dyn_tls_init
                0x0000000140001750                __tlregdtor
 .text          0x0000000140001760      0x100 C:/msys64/ucrt64/bin/../lib/gcc/x86_64-w64-mingw32/14.1.0/../../../../lib/libmingw32.a(lib64_libmingw32_a-merr.o)
                0x0000000140001760                _matherr
 .text          0x0000000140001860       0x10 C:/msys64/ucrt64/bin/../lib/gcc/x86_64-w64-mingw32/14.1.0/../../../../lib/libmingw32.a(lib64_libmingw32_a-CRT_fp10.o)
                0x0000000140001860                fpreset
                0x0000000140001860                _fpreset
 .text          0x0000000140001870      0x550 C:/msys64/ucrt64/bin/../lib/gcc/x86_64-w64-mingw32/14.1.0/../../../../lib/libmingw32.a(lib64_libmingw32_a-pseudo-reloc.o)
                0x0000000140001a50                _pei386_runtime_relocator
 .text          0x0000000140001dc0       0x50 C:/msys64/ucrt64/bin/../lib/gcc/x86_64-w64-mingw32/14.1.0/../../../../lib/libmingw32.a(lib64_libmingw32_a-usermatherr.o)
                0x0000000140001dc0                __mingw_raise_matherr
                0x0000000140001e00                __mingw_setusermatherr
 .text          0x0000000140001e10      0x1c0 C:/msys64/ucrt64/bin/../lib/gcc/x86_64-w64-mingw32/14.1.0/../../../../lib/libmingw32.a(lib64_libmingw32_a-crt_handler.o)
                0x0000000140001e10                _gnu_exception_handler
 .text          0x0000000140001fd0      0x270 C:/msys64/ucrt64/bin/../lib/gcc/x86_64-w64-mingw32/14.1.0/../../../../lib/libmingw32.a(lib64_libmingw32_a-tlsthrd.o)
                0x0000000140002040                ___w64_mingwthr_add_key_dtor
                0x00000001400020b0                ___w64_mingwthr_remove_key_dtor
                0x0000000140002140                __mingw_TLScallback
 .text          0x0000000140002240      0x400 C:/msys64/ucrt64/bin/../lib/gcc/x86_64-w64-mingw32/14.1.0/../../../../lib/libmingw32.a(lib64_libmingw32_a-pesect.o)
                0x0000000140002240                _ValidateImageBase
                0x0000000140002270                _FindPESection
                0x00000001400022c0                _FindPESectionByName
                0x0000000140002360                __mingw_GetSectionForAddress
                0x00000001400023e0                __mingw_GetSectionCount
                0x0000000140002420                _FindPESectionExec
                0x00000001400024a0                _GetPEImageBase
                0x00000001400024e0                _IsNonwritableInCurrentImage
                0x0000000140002570                __mingw_enum_import_library_names
 .text          0x0000000140002640       0x40 C:/msys64/ucrt64/bin/../lib/gcc/x86_64-w64-mingw32/14.1.0/libgcc.a(_chkstk_ms.o)
                0x0000000140002640                ___chkstk_ms
 .text          0x0000000140002680       0x20 C:/msys64/ucrt64/bin/../lib/gcc/x86_64-w64-mingw32/14.1.0/../../../../lib/libmsvcrt.a(lib64_libucrt_extra_a-ucrt_vfprintf.o)
                0x0000000140002680                vfprintf
 .text          0x00000001400026a0       0x50 C:/msys64/ucrt64/bin/../lib/gcc/x86_64-w64-mingw32/14.1.0/../../../../lib/libmsvcrt.a(lib64_libucrt_extra_a-ucrt_scanf.o)
                0x00000001400026a0                scanf
 .text          0x00000001400026f0       0x50 C:/msys64/ucrt64/bin/../lib/gcc/x86_64-w64-mingw32/14.1.0/../../../../lib/libmsvcrt.a(lib64_libucrt_extra_a-ucrt_printf.o)
                0x00000001400026f0                printf
 .text          0x0000000140002740       0x40 C:/msys64/ucrt64/bin/../lib/gcc/x86_64-w64-mingw32/14.1.0/../../../../lib/libmsvcrt.a(lib64_libucrt_extra_a-ucrt_fprintf.o)
                0x0000000140002740                fprintf
 .text          0x0000000140002780      0x220 C:/msys64/ucrt64/bin/../lib/gcc/x86_64-w64-mingw32/14.1.0/../../../../lib/libmsvcrt.a(lib64_libucrt_extra_a-ucrtbase_compat.o)
                0x0000000140002780                _get_output_format
                0x0000000140002790                __getmainargs
                0x0000000140002800                __wgetmainargs
                0x0000000140002870                _onexit
                0x0000000140002890                at_quick_exit
                0x00000001400028b0                _amsg_exit
                0x00000001400028e0                __ms_fwprintf
                0x0000000140002920                tzset
                0x0000000140002960                _tzset
 .text          0x00000001400029a0        0x8 C:/msys64/ucrt64/bin/../lib/gcc/x86_64-w64-mingw32/14.1.0/../../../../lib/libmsvcrt.a(libapi-ms-win-crt-time-l1-1-0s00010.o)
                0x00000001400029a0                __daylight
 .text          0x00000001400029a8        0x8 C:/msys64/ucrt64/bin/../lib/gcc/x86_64-w64-mingw32/14.1.0/../../../../lib/libmsvcrt.a(libapi-ms-win-crt-time-l1-1-0s00012.o)
                0x00000001400029a8                __timezone
 .text          0x00000001400029b0        0x8 C:/msys64/ucrt64/bin/../lib/gcc/x86_64-w64-mingw32/14.1.0/../../../../lib/libmsvcrt.a(libapi-ms-win-crt-time-l1-1-0s00013.o)
                0x00000001400029b0                __tzname
 .text          0x00000001400029b8        0x8 C:/msys64/ucrt64/bin/../lib/gcc/x86_64-w64-mingw32/14.1.0/../../../../lib/libmsvcrt.a(libapi-ms-win-crt-string-l1-1-0s00167.o)
                0x00000001400029b8                strlen
 .text          0x00000001400029c0        0x8 C:/msys64/ucrt64/bin/../lib/gcc/x86_64-w64-mingw32/14.1.0/../../../../lib/libmsvcrt.a(libapi-ms-win-crt-string-l1-1-0s00170.o)
                0x00000001400029c0                strncmp
 .text          0x00000001400029c8        0x8 C:/msys64/ucrt64/bin/../lib/gcc/x86_64-w64-mingw32/14.1.0/../../../../lib/libmsvcrt.a(libapi-ms-win-crt-stdio-l1-1-0s00000.o)
                0x00000001400029c8                __acrt_iob_func
 .text          0x00000001400029d0        0x8 C:/msys64/ucrt64/bin/../lib/gcc/x86_64-w64-mingw32/14.1.0/../../../../lib/libmsvcrt.a(libapi-ms-win-crt-stdio-l1-1-0s00001.o)
                0x00000001400029d0                __p__commode
 .text          0x00000001400029d8        0x8 C:/msys64/ucrt64/bin/../lib/gcc/x86_64-w64-mingw32/14.1.0/../../../../lib/libmsvcrt.a(libapi-ms-win-crt-stdio-l1-1-0s00002.o)
                0x00000001400029d8                __p__fmode
 .text          0x00000001400029e0        0x8 C:/msys64/ucrt64/bin/../lib/gcc/x86_64-w64-mingw32/14.1.0/../../../../lib/libmsvcrt.a(libapi-ms-win-crt-stdio-l1-1-0s00003.o)
                0x00000001400029e0                __stdio_common_vfprintf
 .text          0x00000001400029e8        0x8 C:/msys64/ucrt64/bin/../lib/gcc/x86_64-w64-mingw32/14.1.0/../../../../lib/libmsvcrt.a(libapi-ms-win-crt-stdio-l1-1-0s00006.o)
                0x00000001400029e8                __stdio_common_vfscanf
 .text          0x00000001400029f0        0x8 C:/msys64/ucrt64/bin/../lib/gcc/x86_64-w64-mingw32/14.1.0/../../../../lib/libmsvcrt.a(libapi-ms-win-crt-stdio-l1-1-0s00007.o)
                0x00000001400029f0                __stdio_common_vfwprintf
 .text          0x00000001400029f8        0x8 C:/msys64/ucrt64/bin/../lib/gcc/x86_64-w64-mingw32/14.1.0/../../../../lib/libmsvcrt.a(libapi-ms-win-crt-stdio-l1-1-0s00169.o)
                0x00000001400029f8                fwrite
 .text          0x0000000140002a00        0x8 C:/msys64/ucrt64/bin/../lib/gcc/x86_64-w64-mingw32/14.1.0/../../../../lib/libmsvcrt.a(libapi-ms-win-crt-runtime-l1-1-0s00004.o)
                0x0000000140002a00                __p___argc
 .text          0x0000000140002a08        0x8 C:/msys64/ucrt64/bin/../lib/gcc/x86_64-w64-mingw32/14.1.0/../../../../lib/libmsvcrt.a(libapi-ms-win-crt-runtime-l1-1-0s00005.o)
                0x0000000140002a08                __p___argv
 .text          0x0000000140002a10        0x8 C:/msys64/ucrt64/bin/../lib/gcc/x86_64-w64-mingw32/14.1.0/../../../../lib/libmsvcrt.a(libapi-ms-win-crt-runtime-l1-1-0s00006.o)
                0x0000000140002a10                __p___wargv
 .text          0x0000000140002a18        0x8 C:/msys64/ucrt64/bin/../lib/gcc/x86_64-w64-mingw32/14.1.0/../../../../lib/libmsvcrt.a(libapi-ms-win-crt-runtime-l1-1-0s00022.o)
                0x0000000140002a18                _cexit
 .text          0x0000000140002a20        0x8 C:/msys64/ucrt64/bin/../lib/gcc/x86_64-w64-mingw32/14.1.0/../../../../lib/libmsvcrt.a(libapi-ms-win-crt-runtime-l1-1-0s00024.o)
                0x0000000140002a20                _configure_narrow_argv
 .text          0x0000000140002a28        0x8 C:/msys64/ucrt64/bin/../lib/gcc/x86_64-w64-mingw32/14.1.0/../../../../lib/libmsvcrt.a(libapi-ms-win-crt-runtime-l1-1-0s00025.o)
                0x0000000140002a28                _configure_wide_argv
 .text          0x0000000140002a30        0x8 C:/msys64/ucrt64/bin/../lib/gcc/x86_64-w64-mingw32/14.1.0/../../../../lib/libmsvcrt.a(libapi-ms-win-crt-runtime-l1-1-0s00029.o)
                0x0000000140002a30                _crt_at_quick_exit
 .text          0x0000000140002a38        0x8 C:/msys64/ucrt64/bin/../lib/gcc/x86_64-w64-mingw32/14.1.0/../../../../lib/libmsvcrt.a(libapi-ms-win-crt-runtime-l1-1-0s00030.o)
                0x0000000140002a38                _crt_atexit
 .text          0x0000000140002a40        0x8 C:/msys64/ucrt64/bin/../lib/gcc/x86_64-w64-mingw32/14.1.0/../../../../lib/libmsvcrt.a(libapi-ms-win-crt-runtime-l1-1-0s00036.o)
                0x0000000140002a40                _exit
 .text          0x0000000140002a48        0x8 C:/msys64/ucrt64/bin/../lib/gcc/x86_64-w64-mingw32/14.1.0/../../../../lib/libmsvcrt.a(libapi-ms-win-crt-runtime-l1-1-0s00053.o)
                0x0000000140002a48                _initialize_narrow_environment
 .text          0x0000000140002a50        0x8 C:/msys64/ucrt64/bin/../lib/gcc/x86_64-w64-mingw32/14.1.0/../../../../lib/libmsvcrt.a(libapi-ms-win-crt-runtime-l1-1-0s00055.o)
                0x0000000140002a50                _initialize_wide_environment
 .text          0x0000000140002a58        0x8 C:/msys64/ucrt64/bin/../lib/gcc/x86_64-w64-mingw32/14.1.0/../../../../lib/libmsvcrt.a(libapi-ms-win-crt-runtime-l1-1-0s00056.o)
                0x0000000140002a58                _initterm
 .text          0x0000000140002a60        0x8 C:/msys64/ucrt64/bin/../lib/gcc/x86_64-w64-mingw32/14.1.0/../../../../lib/libmsvcrt.a(libapi-ms-win-crt-runtime-l1-1-0s00068.o)
                0x0000000140002a60                __set_app_type
 .text          0x0000000140002a68        0x8 C:/msys64/ucrt64/bin/../lib/gcc/x86_64-w64-mingw32/14.1.0/../../../../lib/libmsvcrt.a(libapi-ms-win-crt-runtime-l1-1-0s00074.o)
                0x0000000140002a68                _set_invalid_parameter_handler
 .text          0x0000000140002a70        0x8 C:/msys64/ucrt64/bin/../lib/gcc/x86_64-w64-mingw32/14.1.0/../../../../lib/libmsvcrt.a(libapi-ms-win-crt-runtime-l1-1-0s00087.o)
                0x0000000140002a70                abort
 .text          0x0000000140002a78        0x8 C:/msys64/ucrt64/bin/../lib/gcc/x86_64-w64-mingw32/14.1.0/../../../../lib/libmsvcrt.a(libapi-ms-win-crt-runtime-l1-1-0s00088.o)
                0x0000000140002a78                exit
 .text          0x0000000140002a80        0x8 C:/msys64/ucrt64/bin/../lib/gcc/x86_64-w64-mingw32/14.1.0/../../../../lib/libmsvcrt.a(libapi-ms-win-crt-runtime-l1-1-0s00102.o)
                0x0000000140002a80                signal
 .text          0x0000000140002a88        0x8 C:/msys64/ucrt64/bin/../lib/gcc/x86_64-w64-mingw32/14.1.0/../../../../lib/libmsvcrt.a(libapi-ms-win-crt-runtime-l1-1-0s00105.o)
                0x0000000140002a88                system
 .text          0x0000000140002a90        0x8 C:/msys64/ucrt64/bin/../lib/gcc/x86_64-w64-mingw32/14.1.0/../../../../lib/libmsvcrt.a(libapi-ms-win-crt-private-l1-1-0s01143.o)
                0x0000000140002a90                memcpy
 .text          0x0000000140002a98        0x8 C:/msys64/ucrt64/bin/../lib/gcc/x86_64-w64-mingw32/14.1.0/../../../../lib/libmsvcrt.a(libapi-ms-win-crt-math-l1-1-0s00009.o)
                0x0000000140002a98                __setusermatherr
 .text          0x0000000140002aa0        0x8 C:/msys64/ucrt64/bin/../lib/gcc/x86_64-w64-mingw32/14.1.0/../../../../lib/libmsvcrt.a(libapi-ms-win-crt-heap-l1-1-0s00023.o)
                0x0000000140002aa0                _set_new_mode
 .text          0x0000000140002aa8        0x8 C:/msys64/ucrt64/bin/../lib/gcc/x86_64-w64-mingw32/14.1.0/../../../../lib/libmsvcrt.a(libapi-ms-win-crt-heap-l1-1-0s00024.o)
                0x0000000140002aa8                calloc
 .text          0x0000000140002ab0        0x8 C:/msys64/ucrt64/bin/../lib/gcc/x86_64-w64-mingw32/14.1.0/../../../../lib/libmsvcrt.a(libapi-ms-win-crt-heap-l1-1-0s00025.o)
                0x0000000140002ab0                free
 .text          0x0000000140002ab8        0x8 C:/msys64/ucrt64/bin/../lib/gcc/x86_64-w64-mingw32/14.1.0/../../../../lib/libmsvcrt.a(libapi-ms-win-crt-heap-l1-1-0s00026.o)
                0x0000000140002ab8                malloc
 .text          0x0000000140002ac0        0x8 C:/msys64/ucrt64/bin/../lib/gcc/x86_64-w64-mingw32/14.1.0/../../../../lib/libmsvcrt.a(libapi-ms-win-crt-environment-l1-1-0s00000.o)
                0x0000000140002ac0                __p__environ
 .text          0x0000000140002ac8        0x8 C:/msys64/ucrt64/bin/../lib/gcc/x86_64-w64-mingw32/14.1.0/../../../../lib/libmsvcrt.a(libapi-ms-win-crt-environment-l1-1-0s00001.o)
                0x0000000140002ac8                __p__wenviron
 *(SORT_BY_NAME(.text$*))
 *(.text.*)
 .text.startup  0x0000000140002ad0       0x10 C:/msys64/ucrt64/bin/../lib/gcc/x86_64-w64-mingw32/14.1.0/crtend.o
 *(.gnu.linkonce.t.*)
 *(.glue_7t)
 *(.glue_7)
                0x0000000140002ae0                . = ALIGN (0x8)
                0x0000000140002ae0                ___CTOR_LIST__ = .
                0x0000000140002ae0                __CTOR_LIST__ = .
                0x0000000140002ae0        0x4 LONG 0xffffffffffffffff
                0x0000000140002ae4        0x4 LONG 0xffffffffffffffff
 *(.ctors)
 *(.ctor)
 *(SORT_BY_NAME(.ctors.*))
 .ctors.65535   0x0000000140002ae8        0x8 C:/msys64/ucrt64/bin/../lib/gcc/x86_64-w64-mingw32/14.1.0/crtend.o
                0x0000000140002af0        0x4 LONG 0x0
                0x0000000140002af4        0x4 LONG 0x0
                0x0000000140002af8                ___DTOR_LIST__ = .
                0x0000000140002af8                __DTOR_LIST__ = .
                0x0000000140002af8        0x4 LONG 0xffffffffffffffff
                0x0000000140002afc        0x4 LONG 0xffffffffffffffff
 *(.dtors)
 *(.dtor)
 *(SORT_BY_NAME(.dtors.*))
                0x0000000140002b00        0x4 LONG 0x0
                0x0000000140002b04        0x4 LONG 0x0
 *(SORT_NONE(.fini))
 *(.gcc_exc)
                [!provide]                        PROVIDE (etext = .)
 *(.gcc_except_table)

.data           0x0000000140003000      0x200
                0x0000000140003000                __data_start__ = .
 *(.data)
 .data          0x0000000140003000       0x10 C:/msys64/ucrt64/bin/../lib/gcc/x86_64-w64-mingw32/14.1.0/../../../../lib/libmingw32.a(lib64_libmingw32_a-gccmain.o)
 .data          0x0000000140003010       0x10 C:/msys64/ucrt64/bin/../lib/gcc/x86_64-w64-mingw32/14.1.0/../../../../lib/libmingw32.a(lib64_libmingw32_a-wildcard.o)
                0x0000000140003010                _dowildcard
 .data          0x0000000140003020       0x10 C:/msys64/ucrt64/bin/../lib/gcc/x86_64-w64-mingw32/14.1.0/../../../../lib/libmingw32.a(lib64_libmingw32_a-tlsmcrt.o)
                0x0000000140003020                _CRT_MT
 .data          0x0000000140003030       0x10 C:/msys64/ucrt64/bin/../lib/gcc/x86_64-w64-mingw32/14.1.0/../../../../lib/libmingwex.a(lib64_libmingwex_a-mingw_matherr.o)
                0x0000000140003030                _MINGW_INSTALL_DEBUG_MATHERR
 .data          0x0000000140003040       0x10 C:/msys64/ucrt64/bin/../lib/gcc/x86_64-w64-mingw32/14.1.0/../../../../lib/libmsvcrt.a(lib64_libucrt_extra_a-__initenv.o)
                0x0000000140003040                __imp___winitenv
                0x0000000140003048                __imp___initenv
 .data          0x0000000140003050       0x80 C:/msys64/ucrt64/bin/../lib/gcc/x86_64-w64-mingw32/14.1.0/../../../../lib/libmsvcrt.a(lib64_libucrt_extra_a-ucrtbase_compat.o)
                0x0000000140003050                __imp___ms_fwprintf
                0x0000000140003058                __imp_tzset
                0x0000000140003060                __imp__get_output_format
                0x0000000140003068                __imp__amsg_exit
                0x0000000140003070                __imp___wgetmainargs
                0x0000000140003078                __imp___getmainargs
                0x0000000140003080                __imp_daylight
                0x0000000140003088                __imp_timezone
                0x0000000140003090                __imp_tzname
                0x00000001400030b8                __imp_at_quick_exit
                0x00000001400030c0                __imp__onexit
 *(.data2)
 *(SORT_BY_NAME(.data$*))
 *(.jcr)
                0x00000001400030d0                __data_end__ = .
 *(.data_cygwin_nocopy)

.rdata          0x0000000140004000      0x600
 *(.rdata)
 .rdata         0x0000000140004000       0x50 CMakeFiles/SWC.dir/D_/Git_Projects/project_0001_0000_CSWC/05-Source/02-Stub/main.cpp.obj
 *fill*         0x0000000140004050       0x10 
 .rdata         0x0000000140004060       0x60 C:/msys64/ucrt64/bin/../lib/gcc/x86_64-w64-mingw32/14.1.0/../../../../lib/libmingw32.a(lib64_libmingw32_a-tlssup.o)
                0x0000000140004060                __dyn_tls_init_callback
                0x0000000140004080                _tls_used
 .rdata         0x00000001400040c0      0x140 C:/msys64/ucrt64/bin/../lib/gcc/x86_64-w64-mingw32/14.1.0/../../../../lib/libmingw32.a(lib64_libmingw32_a-merr.o)
 .rdata         0x0000000140004200      0x160 C:/msys64/ucrt64/bin/../lib/gcc/x86_64-w64-mingw32/14.1.0/../../../../lib/libmingw32.a(lib64_libmingw32_a-pseudo-reloc.o)
 .rdata         0x0000000140004360       0x30 C:/msys64/ucrt64/bin/../lib/gcc/x86_64-w64-mingw32/14.1.0/../../../../lib/libmingw32.a(lib64_libmingw32_a-crt_handler.o)
 .rdata         0x0000000140004390       0x20 C:/msys64/ucrt64/bin/../lib/gcc/x86_64-w64-mingw32/14.1.0/../../../../lib/libmsvcrt.a(lib64_libucrt_extra_a-ucrtbase_compat.o)
 *(SORT_BY_NAME(.rdata$*))
 .rdata$.refptr._CRT_MT
                0x00000001400043b0       0x10 C:/msys64/ucrt64/bin/../lib/gcc/x86_64-w64-mingw32/14.1.0/../../../../lib/libmingw32.a(lib64_libmingw32_a-tlssup.o)
                0x00000001400043b0                .refptr._CRT_MT
 .rdata$.refptr._MINGW_INSTALL_DEBUG_MATHERR
                0x00000001400043c0       0x10 C:/msys64/ucrt64/bin/../lib/gcc/x86_64-w64-mingw32/14.1.0/../../../../lib/crt2.o
                0x00000001400043c0                .refptr._MINGW_INSTALL_DEBUG_MATHERR
 .rdata$.refptr._ZSt3cin
                0x00000001400043d0       0x10 CMakeFiles/SWC.dir/D_/Git_Projects/project_0001_0000_CSWC/05-Source/02-Stub/main.cpp.obj
                0x00000001400043d0                __fu1__ZSt3cin
                0x00000001400043d0                .refptr._ZSt3cin
 .rdata$.refptr._ZSt4cout
                0x00000001400043e0       0x10 CMakeFiles/SWC.dir/D_/Git_Projects/project_0001_0000_CSWC/05-Source/02-Stub/main.cpp.obj
                0x00000001400043e0                __fu0__ZSt4cout
                0x00000001400043e0                .refptr._ZSt4cout
 .rdata$.refptr._ZSt4endlIcSt11char_traitsIcEERSt13basic_ostreamIT_T0_ES6_
                0x00000001400043f0       0x10 CMakeFiles/SWC.dir/D_/Git_Projects/project_0001_0000_CSWC/05-Source/02-Stub/main.cpp.obj
                0x00000001400043f0                .refptr._ZSt4endlIcSt11char_traitsIcEERSt13basic_ostreamIT_T0_ES6_
 .rdata$.refptr.__CTOR_LIST__
                0x0000000140004400       0x10 C:/msys64/ucrt64/bin/../lib/gcc/x86_64-w64-mingw32/14.1.0/../../../../lib/libmingw32.a(lib64_libmingw32_a-gccmain.o)
                0x0000000140004400                .refptr.__CTOR_LIST__
 .rdata$.refptr.__ImageBase
                0x0000000140004410       0x10 C:/msys64/ucrt64/bin/../lib/gcc/x86_64-w64-mingw32/14.1.0/../../../../lib/crt2.o
                0x0000000140004410                .refptr.__ImageBase
 .rdata$.refptr.__RUNTIME_PSEUDO_RELOC_LIST_END__
                0x0000000140004420       0x10 C:/msys64/ucrt64/bin/../lib/gcc/x86_64-w64-mingw32/14.1.0/../../../../lib/libmingw32.a(lib64_libmingw32_a-pseudo-reloc.o)
                0x0000000140004420                .refptr.__RUNTIME_PSEUDO_RELOC_LIST_END__
 .rdata$.refptr.__RUNTIME_PSEUDO_RELOC_LIST__
                0x0000000140004430       0x10 C:/msys64/ucrt64/bin/../lib/gcc/x86_64-w64-mingw32/14.1.0/../../../../lib/libmingw32.a(lib64_libmingw32_a-pseudo-reloc.o)
                0x0000000140004430                .refptr.__RUNTIME_PSEUDO_RELOC_LIST__
 .rdata$.refptr.__dyn_tls_init_callback
                0x0000000140004440       0x10 C:/msys64/ucrt64/bin/../lib/gcc/x86_64-w64-mingw32/14.1.0/../../../../lib/crt2.o
                0x0000000140004440                .refptr.__dyn_tls_init_callback
 .rdata$.refptr.__imp___initenv
                0x0000000140004450       0x10 C:/msys64/ucrt64/bin/../lib/gcc/x86_64-w64-mingw32/14.1.0/../../../../lib/crt2.o
                0x0000000140004450                .refptr.__imp___initenv
 .rdata$.refptr.__imp__tzset
                0x0000000140004460       0x10 C:/msys64/ucrt64/bin/../lib/gcc/x86_64-w64-mingw32/14.1.0/../../../../lib/libmsvcrt.a(lib64_libucrt_extra_a-ucrtbase_compat.o)
                0x0000000140004460                .refptr.__imp__tzset
 .rdata$.refptr.__mingw_app_type
                0x0000000140004470       0x10 C:/msys64/ucrt64/bin/../lib/gcc/x86_64-w64-mingw32/14.1.0/../../../../lib/crt2.o
                0x0000000140004470                .refptr.__mingw_app_type
 .rdata$.refptr.__mingw_initltsdrot_force
                0x0000000140004480       0x10 C:/msys64/ucrt64/bin/../lib/gcc/x86_64-w64-mingw32/14.1.0/../../../../lib/crt2.o
                0x0000000140004480                .refptr.__mingw_initltsdrot_force
 .rdata$.refptr.__mingw_initltsdyn_force
                0x0000000140004490       0x10 C:/msys64/ucrt64/bin/../lib/gcc/x86_64-w64-mingw32/14.1.0/../../../../lib/crt2.o
                0x0000000140004490                .refptr.__mingw_initltsdyn_force
 .rdata$.refptr.__mingw_initltssuo_force
                0x00000001400044a0       0x10 C:/msys64/ucrt64/bin/../lib/gcc/x86_64-w64-mingw32/14.1.0/../../../../lib/crt2.o
                0x00000001400044a0                .refptr.__mingw_initltssuo_force
 .rdata$.refptr.__mingw_module_is_dll
                0x00000001400044b0       0x10 C:/msys64/ucrt64/bin/../lib/gcc/x86_64-w64-mingw32/14.1.0/../../../../lib/libmsvcrt.a(lib64_libucrt_extra_a-ucrtbase_compat.o)
                0x00000001400044b0                .refptr.__mingw_module_is_dll
 .rdata$.refptr.__mingw_oldexcpt_handler
                0x00000001400044c0       0x10 C:/msys64/ucrt64/bin/../lib/gcc/x86_64-w64-mingw32/14.1.0/../../../../lib/crt2.o
                0x00000001400044c0                .refptr.__mingw_oldexcpt_handler
 .rdata$.refptr.__native_startup_lock
                0x00000001400044d0       0x10 C:/msys64/ucrt64/bin/../lib/gcc/x86_64-w64-mingw32/14.1.0/../../../../lib/crt2.o
                0x00000001400044d0                .refptr.__native_startup_lock
 .rdata$.refptr.__native_startup_state
                0x00000001400044e0       0x10 C:/msys64/ucrt64/bin/../lib/gcc/x86_64-w64-mingw32/14.1.0/../../../../lib/crt2.o
                0x00000001400044e0                .refptr.__native_startup_state
 .rdata$.refptr.__xc_a
                0x00000001400044f0       0x10 C:/msys64/ucrt64/bin/../lib/gcc/x86_64-w64-mingw32/14.1.0/../../../../lib/crt2.o
                0x00000001400044f0                .refptr.__xc_a
 .rdata$.refptr.__xc_z
                0x0000000140004500       0x10 C:/msys64/ucrt64/bin/../lib/gcc/x86_64-w64-mingw32/14.1.0/../../../../lib/crt2.o
                0x0000000140004500                .refptr.__xc_z
 .rdata$.refptr.__xi_a
                0x0000000140004510       0x10 C:/msys64/ucrt64/bin/../lib/gcc/x86_64-w64-mingw32/14.1.0/../../../../lib/crt2.o
                0x0000000140004510                .refptr.__xi_a
 .rdata$.refptr.__xi_z
                0x0000000140004520       0x10 C:/msys64/ucrt64/bin/../lib/gcc/x86_64-w64-mingw32/14.1.0/../../../../lib/crt2.o
                0x0000000140004520                .refptr.__xi_z
 .rdata$.refptr._commode
                0x0000000140004530       0x10 C:/msys64/ucrt64/bin/../lib/gcc/x86_64-w64-mingw32/14.1.0/../../../../lib/crt2.o
                0x0000000140004530                .refptr._commode
 .rdata$.refptr._dowildcard
                0x0000000140004540       0x10 C:/msys64/ucrt64/bin/../lib/gcc/x86_64-w64-mingw32/14.1.0/../../../../lib/crt2.o
                0x0000000140004540                .refptr._dowildcard
 .rdata$.refptr._fmode
                0x0000000140004550       0x10 C:/msys64/ucrt64/bin/../lib/gcc/x86_64-w64-mingw32/14.1.0/../../../../lib/crt2.o
                0x0000000140004550                .refptr._fmode
 .rdata$.refptr._gnu_exception_handler
                0x0000000140004560       0x10 C:/msys64/ucrt64/bin/../lib/gcc/x86_64-w64-mingw32/14.1.0/../../../../lib/crt2.o
                0x0000000140004560                .refptr._gnu_exception_handler
 .rdata$.refptr._matherr
                0x0000000140004570       0x10 C:/msys64/ucrt64/bin/../lib/gcc/x86_64-w64-mingw32/14.1.0/../../../../lib/crt2.o
                0x0000000140004570                .refptr._matherr
 .rdata$.refptr._newmode
                0x0000000140004580       0x10 C:/msys64/ucrt64/bin/../lib/gcc/x86_64-w64-mingw32/14.1.0/../../../../lib/crt2.o
                0x0000000140004580                .refptr._newmode
                0x0000000140004590                . = ALIGN (0x4)
                0x0000000140004590                __rt_psrelocs_start = .
 *(.rdata_runtime_pseudo_reloc)
 .rdata_runtime_pseudo_reloc
                0x0000000140004590       0x18 SWC_exe_rtr000000.o
 .rdata_runtime_pseudo_reloc
                0x00000001400045a8        0xc SWC_exe_rtr000002.o
                0x00000001400045b4                __rt_psrelocs_end = .
                0x0000000000000024                __rt_psrelocs_size = (__rt_psrelocs_end - __rt_psrelocs_start)
                0x00000001400045b4                ___RUNTIME_PSEUDO_RELOC_LIST_END__ = .
                0x00000001400045b4                __RUNTIME_PSEUDO_RELOC_LIST_END__ = .
                0x0000000140004590                ___RUNTIME_PSEUDO_RELOC_LIST__ = (. - __rt_psrelocs_size)
                0x0000000140004590                __RUNTIME_PSEUDO_RELOC_LIST__ = (. - __rt_psrelocs_size)

.eh_frame
 *(.eh_frame*)

.pdata          0x0000000140005000      0x400
 *(.pdata*)
 .pdata         0x0000000140005000       0x54 C:/msys64/ucrt64/bin/../lib/gcc/x86_64-w64-mingw32/14.1.0/../../../../lib/crt2.o
 .pdata         0x0000000140005054       0x18 C:/msys64/ucrt64/bin/../lib/gcc/x86_64-w64-mingw32/14.1.0/crtbegin.o
 .pdata         0x000000014000506c        0xc CMakeFiles/SWC.dir/D_/Git_Projects/project_0001_0000_CSWC/05-Source/03-Cfg/CSWC_cfg.cpp.obj
 .pdata         0x0000000140005078       0x18 CMakeFiles/SWC.dir/D_/Git_Projects/project_0001_0000_CSWC/05-Source/04-Src/CSWC_prg.cpp.obj
 .pdata         0x0000000140005090        0xc CMakeFiles/SWC.dir/D_/Git_Projects/project_0001_0000_CSWC/05-Source/02-Stub/main.cpp.obj
 .pdata         0x000000014000509c       0x24 C:/msys64/ucrt64/bin/../lib/gcc/x86_64-w64-mingw32/14.1.0/../../../../lib/libmingw32.a(lib64_libmingw32_a-gccmain.o)
 .pdata         0x00000001400050c0        0xc C:/msys64/ucrt64/bin/../lib/gcc/x86_64-w64-mingw32/14.1.0/../../../../lib/libmingw32.a(lib64_libmingw32_a-dllargv.o)
 .pdata         0x00000001400050cc       0x24 C:/msys64/ucrt64/bin/../lib/gcc/x86_64-w64-mingw32/14.1.0/../../../../lib/libmingw32.a(lib64_libmingw32_a-tlssup.o)
 .pdata         0x00000001400050f0        0xc C:/msys64/ucrt64/bin/../lib/gcc/x86_64-w64-mingw32/14.1.0/../../../../lib/libmingw32.a(lib64_libmingw32_a-merr.o)
 .pdata         0x00000001400050fc        0xc C:/msys64/ucrt64/bin/../lib/gcc/x86_64-w64-mingw32/14.1.0/../../../../lib/libmingw32.a(lib64_libmingw32_a-CRT_fp10.o)
 .pdata         0x0000000140005108       0x24 C:/msys64/ucrt64/bin/../lib/gcc/x86_64-w64-mingw32/14.1.0/../../../../lib/libmingw32.a(lib64_libmingw32_a-pseudo-reloc.o)
 .pdata         0x000000014000512c       0x18 C:/msys64/ucrt64/bin/../lib/gcc/x86_64-w64-mingw32/14.1.0/../../../../lib/libmingw32.a(lib64_libmingw32_a-usermatherr.o)
 .pdata         0x0000000140005144        0xc C:/msys64/ucrt64/bin/../lib/gcc/x86_64-w64-mingw32/14.1.0/../../../../lib/libmingw32.a(lib64_libmingw32_a-crt_handler.o)
 .pdata         0x0000000140005150       0x30 C:/msys64/ucrt64/bin/../lib/gcc/x86_64-w64-mingw32/14.1.0/../../../../lib/libmingw32.a(lib64_libmingw32_a-tlsthrd.o)
 .pdata         0x0000000140005180       0x6c C:/msys64/ucrt64/bin/../lib/gcc/x86_64-w64-mingw32/14.1.0/../../../../lib/libmingw32.a(lib64_libmingw32_a-pesect.o)
 .pdata         0x00000001400051ec        0xc C:/msys64/ucrt64/bin/../lib/gcc/x86_64-w64-mingw32/14.1.0/../../../../lib/libmsvcrt.a(lib64_libucrt_extra_a-ucrt_vfprintf.o)
 .pdata         0x00000001400051f8        0xc C:/msys64/ucrt64/bin/../lib/gcc/x86_64-w64-mingw32/14.1.0/../../../../lib/libmsvcrt.a(lib64_libucrt_extra_a-ucrt_scanf.o)
 .pdata         0x0000000140005204        0xc C:/msys64/ucrt64/bin/../lib/gcc/x86_64-w64-mingw32/14.1.0/../../../../lib/libmsvcrt.a(lib64_libucrt_extra_a-ucrt_printf.o)
 .pdata         0x0000000140005210        0xc C:/msys64/ucrt64/bin/../lib/gcc/x86_64-w64-mingw32/14.1.0/../../../../lib/libmsvcrt.a(lib64_libucrt_extra_a-ucrt_fprintf.o)
 .pdata         0x000000014000521c       0x6c C:/msys64/ucrt64/bin/../lib/gcc/x86_64-w64-mingw32/14.1.0/../../../../lib/libmsvcrt.a(lib64_libucrt_extra_a-ucrtbase_compat.o)
 .pdata.startup
                0x0000000140005288        0xc C:/msys64/ucrt64/bin/../lib/gcc/x86_64-w64-mingw32/14.1.0/crtend.o

.xdata          0x0000000140006000      0x400
 *(.xdata*)
 .xdata         0x0000000140006000       0x6c C:/msys64/ucrt64/bin/../lib/gcc/x86_64-w64-mingw32/14.1.0/../../../../lib/crt2.o
 .xdata         0x000000014000606c        0x8 C:/msys64/ucrt64/bin/../lib/gcc/x86_64-w64-mingw32/14.1.0/crtbegin.o
 .xdata         0x0000000140006074        0x8 CMakeFiles/SWC.dir/D_/Git_Projects/project_0001_0000_CSWC/05-Source/03-Cfg/CSWC_cfg.cpp.obj
 .xdata         0x000000014000607c       0x14 CMakeFiles/SWC.dir/D_/Git_Projects/project_0001_0000_CSWC/05-Source/04-Src/CSWC_prg.cpp.obj
 .xdata         0x0000000140006090        0xc CMakeFiles/SWC.dir/D_/Git_Projects/project_0001_0000_CSWC/05-Source/02-Stub/main.cpp.obj
 .xdata         0x000000014000609c       0x18 C:/msys64/ucrt64/bin/../lib/gcc/x86_64-w64-mingw32/14.1.0/../../../../lib/libmingw32.a(lib64_libmingw32_a-gccmain.o)
 .xdata         0x00000001400060b4        0x4 C:/msys64/ucrt64/bin/../lib/gcc/x86_64-w64-mingw32/14.1.0/../../../../lib/libmingw32.a(lib64_libmingw32_a-dllargv.o)
 .xdata         0x00000001400060b8       0x18 C:/msys64/ucrt64/bin/../lib/gcc/x86_64-w64-mingw32/14.1.0/../../../../lib/libmingw32.a(lib64_libmingw32_a-tlssup.o)
 .xdata         0x00000001400060d0       0x18 C:/msys64/ucrt64/bin/../lib/gcc/x86_64-w64-mingw32/14.1.0/../../../../lib/libmingw32.a(lib64_libmingw32_a-merr.o)
 .xdata         0x00000001400060e8        0x4 C:/msys64/ucrt64/bin/../lib/gcc/x86_64-w64-mingw32/14.1.0/../../../../lib/libmingw32.a(lib64_libmingw32_a-CRT_fp10.o)
 .xdata         0x00000001400060ec       0x30 C:/msys64/ucrt64/bin/../lib/gcc/x86_64-w64-mingw32/14.1.0/../../../../lib/libmingw32.a(lib64_libmingw32_a-pseudo-reloc.o)
 .xdata         0x000000014000611c        0xc C:/msys64/ucrt64/bin/../lib/gcc/x86_64-w64-mingw32/14.1.0/../../../../lib/libmingw32.a(lib64_libmingw32_a-usermatherr.o)
 .xdata         0x0000000140006128        0x8 C:/msys64/ucrt64/bin/../lib/gcc/x86_64-w64-mingw32/14.1.0/../../../../lib/libmingw32.a(lib64_libmingw32_a-crt_handler.o)
 .xdata         0x0000000140006130       0x30 C:/msys64/ucrt64/bin/../lib/gcc/x86_64-w64-mingw32/14.1.0/../../../../lib/libmingw32.a(lib64_libmingw32_a-tlsthrd.o)
 .xdata         0x0000000140006160       0x2c C:/msys64/ucrt64/bin/../lib/gcc/x86_64-w64-mingw32/14.1.0/../../../../lib/libmingw32.a(lib64_libmingw32_a-pesect.o)
 .xdata         0x000000014000618c        0x8 C:/msys64/ucrt64/bin/../lib/gcc/x86_64-w64-mingw32/14.1.0/../../../../lib/libmsvcrt.a(lib64_libucrt_extra_a-ucrt_vfprintf.o)
 .xdata         0x0000000140006194        0xc C:/msys64/ucrt64/bin/../lib/gcc/x86_64-w64-mingw32/14.1.0/../../../../lib/libmsvcrt.a(lib64_libucrt_extra_a-ucrt_scanf.o)
 .xdata         0x00000001400061a0        0xc C:/msys64/ucrt64/bin/../lib/gcc/x86_64-w64-mingw32/14.1.0/../../../../lib/libmsvcrt.a(lib64_libucrt_extra_a-ucrt_printf.o)
 .xdata         0x00000001400061ac        0x8 C:/msys64/ucrt64/bin/../lib/gcc/x86_64-w64-mingw32/14.1.0/../../../../lib/libmsvcrt.a(lib64_libucrt_extra_a-ucrt_fprintf.o)
 .xdata         0x00000001400061b4       0x50 C:/msys64/ucrt64/bin/../lib/gcc/x86_64-w64-mingw32/14.1.0/../../../../lib/libmsvcrt.a(lib64_libucrt_extra_a-ucrtbase_compat.o)
 .xdata.startup
                0x0000000140006204        0x4 C:/msys64/ucrt64/bin/../lib/gcc/x86_64-w64-mingw32/14.1.0/crtend.o

.bss            0x0000000140007000      0x150
                0x0000000140007000                __bss_start__ = .
 *(.bss)
 .bss           0x0000000140007000       0x30 C:/msys64/ucrt64/bin/../lib/gcc/x86_64-w64-mingw32/14.1.0/../../../../lib/crt2.o
                0x0000000140007000                __mingw_module_is_dll
 .bss           0x0000000140007030       0x10 CMakeFiles/SWC.dir/D_/Git_Projects/project_0001_0000_CSWC/05-Source/02-Stub/main.cpp.obj
                0x0000000140007030                C_Var
                0x0000000140007034                CPP_Var
 .bss           0x0000000140007040       0x10 C:/msys64/ucrt64/bin/../lib/gcc/x86_64-w64-mingw32/14.1.0/../../../../lib/libmingw32.a(lib64_libmingw32_a-gccmain.o)
 .bss           0x0000000140007050       0x10 C:/msys64/ucrt64/bin/../lib/gcc/x86_64-w64-mingw32/14.1.0/../../../../lib/libmingw32.a(lib64_libmingw32_a-natstart.o)
                0x0000000140007050                __native_startup_lock
                0x0000000140007058                __native_startup_state
 .bss           0x0000000140007060       0x10 C:/msys64/ucrt64/bin/../lib/gcc/x86_64-w64-mingw32/14.1.0/../../../../lib/libmingw32.a(lib64_libmingw32_a-_newmode.o)
                0x0000000140007060                _newmode
 .bss           0x0000000140007070       0x10 C:/msys64/ucrt64/bin/../lib/gcc/x86_64-w64-mingw32/14.1.0/../../../../lib/libmingw32.a(lib64_libmingw32_a-tlssup.o)
                0x0000000140007070                __mingw_initltssuo_force
                0x0000000140007074                __mingw_initltsdyn_force
                0x0000000140007078                __mingw_initltsdrot_force
                0x000000014000707c                _tls_index
 .bss           0x0000000140007080       0x10 C:/msys64/ucrt64/bin/../lib/gcc/x86_64-w64-mingw32/14.1.0/../../../../lib/libmingw32.a(lib64_libmingw32_a-xncommod.o)
                0x0000000140007080                _commode
 .bss           0x0000000140007090       0x10 C:/msys64/ucrt64/bin/../lib/gcc/x86_64-w64-mingw32/14.1.0/../../../../lib/libmingw32.a(lib64_libmingw32_a-mingw_helpers.o)
                0x0000000140007090                __mingw_app_type
 .bss           0x00000001400070a0       0x10 C:/msys64/ucrt64/bin/../lib/gcc/x86_64-w64-mingw32/14.1.0/../../../../lib/libmingw32.a(lib64_libmingw32_a-pseudo-reloc.o)
 .bss           0x00000001400070b0       0x10 C:/msys64/ucrt64/bin/../lib/gcc/x86_64-w64-mingw32/14.1.0/../../../../lib/libmingw32.a(lib64_libmingw32_a-usermatherr.o)
 .bss           0x00000001400070c0       0x10 C:/msys64/ucrt64/bin/../lib/gcc/x86_64-w64-mingw32/14.1.0/../../../../lib/libmingw32.a(lib64_libmingw32_a-xtxtmode.o)
                0x00000001400070c0                _fmode
 .bss           0x00000001400070d0       0x10 C:/msys64/ucrt64/bin/../lib/gcc/x86_64-w64-mingw32/14.1.0/../../../../lib/libmingw32.a(lib64_libmingw32_a-crt_handler.o)
                0x00000001400070d0                __mingw_oldexcpt_handler
 .bss           0x00000001400070e0       0x60 C:/msys64/ucrt64/bin/../lib/gcc/x86_64-w64-mingw32/14.1.0/../../../../lib/libmingw32.a(lib64_libmingw32_a-tlsthrd.o)
 .bss           0x0000000140007140       0x10 C:/msys64/ucrt64/bin/../lib/gcc/x86_64-w64-mingw32/14.1.0/../../../../lib/libmsvcrt.a(lib64_libucrt_extra_a-__initenv.o)
 *(COMMON)
                0x0000000140007150                __bss_end__ = .

.edata
 *(.edata)

/DISCARD/
 *(.debug$S)
 *(.debug$T)
 *(.debug$F)
 *(.drectve)
 *(.note.GNU-stack)
 *(.gnu.lto_*)

.idata          0x0000000140008000      0xc00
 SORT_BY_NAME(*)(.idata$2)
 .idata$2       0x0000000140008000       0x14 C:/msys64/ucrt64/bin/../lib/gcc/x86_64-w64-mingw32/14.1.0/../../../../lib/libkernel32.a(libkernel32h.o)
                0x0000000140008000                _head_lib64_libkernel32_a
 .idata$2       0x0000000140008014       0x14 C:/msys64/ucrt64/bin/../lib/gcc/x86_64-w64-mingw32/14.1.0/../../../../lib/libmsvcrt.a(libapi-ms-win-crt-environment-l1-1-0h.o)
                0x0000000140008014                _head_lib64_libapi_ms_win_crt_environment_l1_1_0_a
 .idata$2       0x0000000140008028       0x14 C:/msys64/ucrt64/bin/../lib/gcc/x86_64-w64-mingw32/14.1.0/../../../../lib/libmsvcrt.a(libapi-ms-win-crt-heap-l1-1-0h.o)
                0x0000000140008028                _head_lib64_libapi_ms_win_crt_heap_l1_1_0_a
 .idata$2       0x000000014000803c       0x14 C:/msys64/ucrt64/bin/../lib/gcc/x86_64-w64-mingw32/14.1.0/../../../../lib/libmsvcrt.a(libapi-ms-win-crt-math-l1-1-0h.o)
                0x000000014000803c                _head_lib64_libapi_ms_win_crt_math_l1_1_0_a
 .idata$2       0x0000000140008050       0x14 C:/msys64/ucrt64/bin/../lib/gcc/x86_64-w64-mingw32/14.1.0/../../../../lib/libmsvcrt.a(libapi-ms-win-crt-private-l1-1-0h.o)
                0x0000000140008050                _head_lib64_libapi_ms_win_crt_private_l1_1_0_a
 .idata$2       0x0000000140008064       0x14 C:/msys64/ucrt64/bin/../lib/gcc/x86_64-w64-mingw32/14.1.0/../../../../lib/libmsvcrt.a(libapi-ms-win-crt-runtime-l1-1-0h.o)
                0x0000000140008064                _head_lib64_libapi_ms_win_crt_runtime_l1_1_0_a
 .idata$2       0x0000000140008078       0x14 C:/msys64/ucrt64/bin/../lib/gcc/x86_64-w64-mingw32/14.1.0/../../../../lib/libmsvcrt.a(libapi-ms-win-crt-stdio-l1-1-0h.o)
                0x0000000140008078                _head_lib64_libapi_ms_win_crt_stdio_l1_1_0_a
 .idata$2       0x000000014000808c       0x14 C:/msys64/ucrt64/bin/../lib/gcc/x86_64-w64-mingw32/14.1.0/../../../../lib/libmsvcrt.a(libapi-ms-win-crt-string-l1-1-0h.o)
                0x000000014000808c                _head_lib64_libapi_ms_win_crt_string_l1_1_0_a
 .idata$2       0x00000001400080a0       0x14 C:/msys64/ucrt64/bin/../lib/gcc/x86_64-w64-mingw32/14.1.0/../../../../lib/libmsvcrt.a(libapi-ms-win-crt-time-l1-1-0h.o)
                0x00000001400080a0                _head_lib64_libapi_ms_win_crt_time_l1_1_0_a
 .idata$2       0x00000001400080b4       0x14 C:/msys64/ucrt64/bin/../lib/gcc/x86_64-w64-mingw32/14.1.0/../../../../lib/libstdc++.dll.a(libstdc___6_dll_d000000.o)
                0x00000001400080b4                _head_libstdc___6_dll
 SORT_BY_NAME(*)(.idata$3)
                0x00000001400080c8        0x4 LONG 0x0
                0x00000001400080cc        0x4 LONG 0x0
                0x00000001400080d0        0x4 LONG 0x0
                0x00000001400080d4        0x4 LONG 0x0
                0x00000001400080d8        0x4 LONG 0x0
                0x00000001400080e0                . = ALIGN (0x8)
 *fill*         0x00000001400080dc        0x4 
 SORT_BY_NAME(*)(.idata$4)
 .idata$4       0x00000001400080e0        0x0 C:/msys64/ucrt64/bin/../lib/gcc/x86_64-w64-mingw32/14.1.0/../../../../lib/libkernel32.a(libkernel32h.o)
 .idata$4       0x00000001400080e0        0x8 C:/msys64/ucrt64/bin/../lib/gcc/x86_64-w64-mingw32/14.1.0/../../../../lib/libkernel32.a(libkernel32s00292.o)
 .idata$4       0x00000001400080e8        0x8 C:/msys64/ucrt64/bin/../lib/gcc/x86_64-w64-mingw32/14.1.0/../../../../lib/libkernel32.a(libkernel32s00330.o)
 .idata$4       0x00000001400080f0        0x8 C:/msys64/ucrt64/bin/../lib/gcc/x86_64-w64-mingw32/14.1.0/../../../../lib/libkernel32.a(libkernel32s00643.o)
 .idata$4       0x00000001400080f8        0x8 C:/msys64/ucrt64/bin/../lib/gcc/x86_64-w64-mingw32/14.1.0/../../../../lib/libkernel32.a(libkernel32s00913.o)
 .idata$4       0x0000000140008100        0x8 C:/msys64/ucrt64/bin/../lib/gcc/x86_64-w64-mingw32/14.1.0/../../../../lib/libkernel32.a(libkernel32s01007.o)
 .idata$4       0x0000000140008108        0x8 C:/msys64/ucrt64/bin/../lib/gcc/x86_64-w64-mingw32/14.1.0/../../../../lib/libkernel32.a(libkernel32s01427.o)
 .idata$4       0x0000000140008110        0x8 C:/msys64/ucrt64/bin/../lib/gcc/x86_64-w64-mingw32/14.1.0/../../../../lib/libkernel32.a(libkernel32s01443.o)
 .idata$4       0x0000000140008118        0x8 C:/msys64/ucrt64/bin/../lib/gcc/x86_64-w64-mingw32/14.1.0/../../../../lib/libkernel32.a(libkernel32s01479.o)
 .idata$4       0x0000000140008120        0x8 C:/msys64/ucrt64/bin/../lib/gcc/x86_64-w64-mingw32/14.1.0/../../../../lib/libkernel32.a(libkernel32s01526.o)
 .idata$4       0x0000000140008128        0x8 C:/msys64/ucrt64/bin/../lib/gcc/x86_64-w64-mingw32/14.1.0/../../../../lib/libkernel32.a(libkernel32s01528.o)
 .idata$4       0x0000000140008130        0x8 C:/msys64/ucrt64/bin/../lib/gcc/x86_64-w64-mingw32/14.1.0/../../../../lib/libkernel32.a(libkernel32s01618.o)
 .idata$4       0x0000000140008138        0x8 C:/msys64/ucrt64/bin/../lib/gcc/x86_64-w64-mingw32/14.1.0/../../../../lib/libkernel32.a(libkernel32t.o)
 .idata$4       0x0000000140008140        0x0 C:/msys64/ucrt64/bin/../lib/gcc/x86_64-w64-mingw32/14.1.0/../../../../lib/libmsvcrt.a(libapi-ms-win-crt-environment-l1-1-0h.o)
 .idata$4       0x0000000140008140        0x8 C:/msys64/ucrt64/bin/../lib/gcc/x86_64-w64-mingw32/14.1.0/../../../../lib/libmsvcrt.a(libapi-ms-win-crt-environment-l1-1-0s00000.o)
 .idata$4       0x0000000140008148        0x8 C:/msys64/ucrt64/bin/../lib/gcc/x86_64-w64-mingw32/14.1.0/../../../../lib/libmsvcrt.a(libapi-ms-win-crt-environment-l1-1-0s00001.o)
 .idata$4       0x0000000140008150        0x8 C:/msys64/ucrt64/bin/../lib/gcc/x86_64-w64-mingw32/14.1.0/../../../../lib/libmsvcrt.a(libapi-ms-win-crt-environment-l1-1-0t.o)
 .idata$4       0x0000000140008158        0x0 C:/msys64/ucrt64/bin/../lib/gcc/x86_64-w64-mingw32/14.1.0/../../../../lib/libmsvcrt.a(libapi-ms-win-crt-heap-l1-1-0h.o)
 .idata$4       0x0000000140008158        0x8 C:/msys64/ucrt64/bin/../lib/gcc/x86_64-w64-mingw32/14.1.0/../../../../lib/libmsvcrt.a(libapi-ms-win-crt-heap-l1-1-0s00023.o)
 .idata$4       0x0000000140008160        0x8 C:/msys64/ucrt64/bin/../lib/gcc/x86_64-w64-mingw32/14.1.0/../../../../lib/libmsvcrt.a(libapi-ms-win-crt-heap-l1-1-0s00024.o)
 .idata$4       0x0000000140008168        0x8 C:/msys64/ucrt64/bin/../lib/gcc/x86_64-w64-mingw32/14.1.0/../../../../lib/libmsvcrt.a(libapi-ms-win-crt-heap-l1-1-0s00025.o)
 .idata$4       0x0000000140008170        0x8 C:/msys64/ucrt64/bin/../lib/gcc/x86_64-w64-mingw32/14.1.0/../../../../lib/libmsvcrt.a(libapi-ms-win-crt-heap-l1-1-0s00026.o)
 .idata$4       0x0000000140008178        0x8 C:/msys64/ucrt64/bin/../lib/gcc/x86_64-w64-mingw32/14.1.0/../../../../lib/libmsvcrt.a(libapi-ms-win-crt-heap-l1-1-0t.o)
 .idata$4       0x0000000140008180        0x0 C:/msys64/ucrt64/bin/../lib/gcc/x86_64-w64-mingw32/14.1.0/../../../../lib/libmsvcrt.a(libapi-ms-win-crt-math-l1-1-0h.o)
 .idata$4       0x0000000140008180        0x8 C:/msys64/ucrt64/bin/../lib/gcc/x86_64-w64-mingw32/14.1.0/../../../../lib/libmsvcrt.a(libapi-ms-win-crt-math-l1-1-0s00009.o)
 .idata$4       0x0000000140008188        0x8 C:/msys64/ucrt64/bin/../lib/gcc/x86_64-w64-mingw32/14.1.0/../../../../lib/libmsvcrt.a(libapi-ms-win-crt-math-l1-1-0t.o)
 .idata$4       0x0000000140008190        0x0 C:/msys64/ucrt64/bin/../lib/gcc/x86_64-w64-mingw32/14.1.0/../../../../lib/libmsvcrt.a(libapi-ms-win-crt-private-l1-1-0h.o)
 .idata$4       0x0000000140008190        0x8 C:/msys64/ucrt64/bin/../lib/gcc/x86_64-w64-mingw32/14.1.0/../../../../lib/libmsvcrt.a(libapi-ms-win-crt-private-l1-1-0s01143.o)
 .idata$4       0x0000000140008198        0x8 C:/msys64/ucrt64/bin/../lib/gcc/x86_64-w64-mingw32/14.1.0/../../../../lib/libmsvcrt.a(libapi-ms-win-crt-private-l1-1-0t.o)
 .idata$4       0x00000001400081a0        0x0 C:/msys64/ucrt64/bin/../lib/gcc/x86_64-w64-mingw32/14.1.0/../../../../lib/libmsvcrt.a(libapi-ms-win-crt-runtime-l1-1-0h.o)
 .idata$4       0x00000001400081a0        0x8 C:/msys64/ucrt64/bin/../lib/gcc/x86_64-w64-mingw32/14.1.0/../../../../lib/libmsvcrt.a(libapi-ms-win-crt-runtime-l1-1-0s00004.o)
 .idata$4       0x00000001400081a8        0x8 C:/msys64/ucrt64/bin/../lib/gcc/x86_64-w64-mingw32/14.1.0/../../../../lib/libmsvcrt.a(libapi-ms-win-crt-runtime-l1-1-0s00005.o)
 .idata$4       0x00000001400081b0        0x8 C:/msys64/ucrt64/bin/../lib/gcc/x86_64-w64-mingw32/14.1.0/../../../../lib/libmsvcrt.a(libapi-ms-win-crt-runtime-l1-1-0s00006.o)
 .idata$4       0x00000001400081b8        0x8 C:/msys64/ucrt64/bin/../lib/gcc/x86_64-w64-mingw32/14.1.0/../../../../lib/libmsvcrt.a(libapi-ms-win-crt-runtime-l1-1-0s00022.o)
 .idata$4       0x00000001400081c0        0x8 C:/msys64/ucrt64/bin/../lib/gcc/x86_64-w64-mingw32/14.1.0/../../../../lib/libmsvcrt.a(libapi-ms-win-crt-runtime-l1-1-0s00024.o)
 .idata$4       0x00000001400081c8        0x8 C:/msys64/ucrt64/bin/../lib/gcc/x86_64-w64-mingw32/14.1.0/../../../../lib/libmsvcrt.a(libapi-ms-win-crt-runtime-l1-1-0s00025.o)
 .idata$4       0x00000001400081d0        0x8 C:/msys64/ucrt64/bin/../lib/gcc/x86_64-w64-mingw32/14.1.0/../../../../lib/libmsvcrt.a(libapi-ms-win-crt-runtime-l1-1-0s00029.o)
 .idata$4       0x00000001400081d8        0x8 C:/msys64/ucrt64/bin/../lib/gcc/x86_64-w64-mingw32/14.1.0/../../../../lib/libmsvcrt.a(libapi-ms-win-crt-runtime-l1-1-0s00030.o)
 .idata$4       0x00000001400081e0        0x8 C:/msys64/ucrt64/bin/../lib/gcc/x86_64-w64-mingw32/14.1.0/../../../../lib/libmsvcrt.a(libapi-ms-win-crt-runtime-l1-1-0s00036.o)
 .idata$4       0x00000001400081e8        0x8 C:/msys64/ucrt64/bin/../lib/gcc/x86_64-w64-mingw32/14.1.0/../../../../lib/libmsvcrt.a(libapi-ms-win-crt-runtime-l1-1-0s00053.o)
 .idata$4       0x00000001400081f0        0x8 C:/msys64/ucrt64/bin/../lib/gcc/x86_64-w64-mingw32/14.1.0/../../../../lib/libmsvcrt.a(libapi-ms-win-crt-runtime-l1-1-0s00055.o)
 .idata$4       0x00000001400081f8        0x8 C:/msys64/ucrt64/bin/../lib/gcc/x86_64-w64-mingw32/14.1.0/../../../../lib/libmsvcrt.a(libapi-ms-win-crt-runtime-l1-1-0s00056.o)
 .idata$4       0x0000000140008200        0x8 C:/msys64/ucrt64/bin/../lib/gcc/x86_64-w64-mingw32/14.1.0/../../../../lib/libmsvcrt.a(libapi-ms-win-crt-runtime-l1-1-0s00068.o)
 .idata$4       0x0000000140008208        0x8 C:/msys64/ucrt64/bin/../lib/gcc/x86_64-w64-mingw32/14.1.0/../../../../lib/libmsvcrt.a(libapi-ms-win-crt-runtime-l1-1-0s00074.o)
 .idata$4       0x0000000140008210        0x8 C:/msys64/ucrt64/bin/../lib/gcc/x86_64-w64-mingw32/14.1.0/../../../../lib/libmsvcrt.a(libapi-ms-win-crt-runtime-l1-1-0s00087.o)
 .idata$4       0x0000000140008218        0x8 C:/msys64/ucrt64/bin/../lib/gcc/x86_64-w64-mingw32/14.1.0/../../../../lib/libmsvcrt.a(libapi-ms-win-crt-runtime-l1-1-0s00088.o)
 .idata$4       0x0000000140008220        0x8 C:/msys64/ucrt64/bin/../lib/gcc/x86_64-w64-mingw32/14.1.0/../../../../lib/libmsvcrt.a(libapi-ms-win-crt-runtime-l1-1-0s00102.o)
 .idata$4       0x0000000140008228        0x8 C:/msys64/ucrt64/bin/../lib/gcc/x86_64-w64-mingw32/14.1.0/../../../../lib/libmsvcrt.a(libapi-ms-win-crt-runtime-l1-1-0s00105.o)
 .idata$4       0x0000000140008230        0x8 C:/msys64/ucrt64/bin/../lib/gcc/x86_64-w64-mingw32/14.1.0/../../../../lib/libmsvcrt.a(libapi-ms-win-crt-runtime-l1-1-0t.o)
 .idata$4       0x0000000140008238        0x0 C:/msys64/ucrt64/bin/../lib/gcc/x86_64-w64-mingw32/14.1.0/../../../../lib/libmsvcrt.a(libapi-ms-win-crt-stdio-l1-1-0h.o)
 .idata$4       0x0000000140008238        0x8 C:/msys64/ucrt64/bin/../lib/gcc/x86_64-w64-mingw32/14.1.0/../../../../lib/libmsvcrt.a(libapi-ms-win-crt-stdio-l1-1-0s00000.o)
 .idata$4       0x0000000140008240        0x8 C:/msys64/ucrt64/bin/../lib/gcc/x86_64-w64-mingw32/14.1.0/../../../../lib/libmsvcrt.a(libapi-ms-win-crt-stdio-l1-1-0s00001.o)
 .idata$4       0x0000000140008248        0x8 C:/msys64/ucrt64/bin/../lib/gcc/x86_64-w64-mingw32/14.1.0/../../../../lib/libmsvcrt.a(libapi-ms-win-crt-stdio-l1-1-0s00002.o)
 .idata$4       0x0000000140008250        0x8 C:/msys64/ucrt64/bin/../lib/gcc/x86_64-w64-mingw32/14.1.0/../../../../lib/libmsvcrt.a(libapi-ms-win-crt-stdio-l1-1-0s00003.o)
 .idata$4       0x0000000140008258        0x8 C:/msys64/ucrt64/bin/../lib/gcc/x86_64-w64-mingw32/14.1.0/../../../../lib/libmsvcrt.a(libapi-ms-win-crt-stdio-l1-1-0s00006.o)
 .idata$4       0x0000000140008260        0x8 C:/msys64/ucrt64/bin/../lib/gcc/x86_64-w64-mingw32/14.1.0/../../../../lib/libmsvcrt.a(libapi-ms-win-crt-stdio-l1-1-0s00007.o)
 .idata$4       0x0000000140008268        0x8 C:/msys64/ucrt64/bin/../lib/gcc/x86_64-w64-mingw32/14.1.0/../../../../lib/libmsvcrt.a(libapi-ms-win-crt-stdio-l1-1-0s00169.o)
 .idata$4       0x0000000140008270        0x8 C:/msys64/ucrt64/bin/../lib/gcc/x86_64-w64-mingw32/14.1.0/../../../../lib/libmsvcrt.a(libapi-ms-win-crt-stdio-l1-1-0t.o)
 .idata$4       0x0000000140008278        0x0 C:/msys64/ucrt64/bin/../lib/gcc/x86_64-w64-mingw32/14.1.0/../../../../lib/libmsvcrt.a(libapi-ms-win-crt-string-l1-1-0h.o)
 .idata$4       0x0000000140008278        0x8 C:/msys64/ucrt64/bin/../lib/gcc/x86_64-w64-mingw32/14.1.0/../../../../lib/libmsvcrt.a(libapi-ms-win-crt-string-l1-1-0s00167.o)
 .idata$4       0x0000000140008280        0x8 C:/msys64/ucrt64/bin/../lib/gcc/x86_64-w64-mingw32/14.1.0/../../../../lib/libmsvcrt.a(libapi-ms-win-crt-string-l1-1-0s00170.o)
 .idata$4       0x0000000140008288        0x8 C:/msys64/ucrt64/bin/../lib/gcc/x86_64-w64-mingw32/14.1.0/../../../../lib/libmsvcrt.a(libapi-ms-win-crt-string-l1-1-0t.o)
 .idata$4       0x0000000140008290        0x0 C:/msys64/ucrt64/bin/../lib/gcc/x86_64-w64-mingw32/14.1.0/../../../../lib/libmsvcrt.a(libapi-ms-win-crt-time-l1-1-0h.o)
 .idata$4       0x0000000140008290        0x8 C:/msys64/ucrt64/bin/../lib/gcc/x86_64-w64-mingw32/14.1.0/../../../../lib/libmsvcrt.a(libapi-ms-win-crt-time-l1-1-0s00010.o)
 .idata$4       0x0000000140008298        0x8 C:/msys64/ucrt64/bin/../lib/gcc/x86_64-w64-mingw32/14.1.0/../../../../lib/libmsvcrt.a(libapi-ms-win-crt-time-l1-1-0s00012.o)
 .idata$4       0x00000001400082a0        0x8 C:/msys64/ucrt64/bin/../lib/gcc/x86_64-w64-mingw32/14.1.0/../../../../lib/libmsvcrt.a(libapi-ms-win-crt-time-l1-1-0s00013.o)
 .idata$4       0x00000001400082a8        0x8 C:/msys64/ucrt64/bin/../lib/gcc/x86_64-w64-mingw32/14.1.0/../../../../lib/libmsvcrt.a(libapi-ms-win-crt-time-l1-1-0s00061.o)
 .idata$4       0x00000001400082b0        0x8 C:/msys64/ucrt64/bin/../lib/gcc/x86_64-w64-mingw32/14.1.0/../../../../lib/libmsvcrt.a(libapi-ms-win-crt-time-l1-1-0t.o)
 .idata$4       0x00000001400082b8        0x0 C:/msys64/ucrt64/bin/../lib/gcc/x86_64-w64-mingw32/14.1.0/../../../../lib/libstdc++.dll.a(libstdc___6_dll_d000000.o)
 .idata$4       0x00000001400082b8        0x8 C:/msys64/ucrt64/bin/../lib/gcc/x86_64-w64-mingw32/14.1.0/../../../../lib/libstdc++.dll.a(libstdc___6_dll_d001871.o)
 .idata$4       0x00000001400082c0        0x8 C:/msys64/ucrt64/bin/../lib/gcc/x86_64-w64-mingw32/14.1.0/../../../../lib/libstdc++.dll.a(libstdc___6_dll_d001912.o)
 .idata$4       0x00000001400082c8        0x8 C:/msys64/ucrt64/bin/../lib/gcc/x86_64-w64-mingw32/14.1.0/../../../../lib/libstdc++.dll.a(libstdc___6_dll_d001921.o)
 .idata$4       0x00000001400082d0        0x8 C:/msys64/ucrt64/bin/../lib/gcc/x86_64-w64-mingw32/14.1.0/../../../../lib/libstdc++.dll.a(libstdc___6_dll_d005578.o)
 .idata$4       0x00000001400082d8        0x8 C:/msys64/ucrt64/bin/../lib/gcc/x86_64-w64-mingw32/14.1.0/../../../../lib/libstdc++.dll.a(libstdc___6_dll_d005581.o)
 .idata$4       0x00000001400082e0        0x8 C:/msys64/ucrt64/bin/../lib/gcc/x86_64-w64-mingw32/14.1.0/../../../../lib/libstdc++.dll.a(libstdc___6_dll_d005582.o)
 .idata$4       0x00000001400082e8        0x8 C:/msys64/ucrt64/bin/../lib/gcc/x86_64-w64-mingw32/14.1.0/../../../../lib/libstdc++.dll.a(libstdc___6_dll_d005701.o)
 .idata$4       0x00000001400082f0        0x8 C:/msys64/ucrt64/bin/../lib/gcc/x86_64-w64-mingw32/14.1.0/../../../../lib/libstdc++.dll.a(libstdc___6_dll_d006854.o)
                0x00000001400082f8                __IAT_start__ = .
 SORT_BY_NAME(*)(.idata$5)
 .idata$5       0x00000001400082f8        0x0 C:/msys64/ucrt64/bin/../lib/gcc/x86_64-w64-mingw32/14.1.0/../../../../lib/libkernel32.a(libkernel32h.o)
 .idata$5       0x00000001400082f8        0x8 C:/msys64/ucrt64/bin/../lib/gcc/x86_64-w64-mingw32/14.1.0/../../../../lib/libkernel32.a(libkernel32s00292.o)
                0x00000001400082f8                __imp_DeleteCriticalSection
 .idata$5       0x0000000140008300        0x8 C:/msys64/ucrt64/bin/../lib/gcc/x86_64-w64-mingw32/14.1.0/../../../../lib/libkernel32.a(libkernel32s00330.o)
                0x0000000140008300                __imp_EnterCriticalSection
 .idata$5       0x0000000140008308        0x8 C:/msys64/ucrt64/bin/../lib/gcc/x86_64-w64-mingw32/14.1.0/../../../../lib/libkernel32.a(libkernel32s00643.o)
                0x0000000140008308                __imp_GetLastError
 .idata$5       0x0000000140008310        0x8 C:/msys64/ucrt64/bin/../lib/gcc/x86_64-w64-mingw32/14.1.0/../../../../lib/libkernel32.a(libkernel32s00913.o)
                0x0000000140008310                __imp_InitializeCriticalSection
 .idata$5       0x0000000140008318        0x8 C:/msys64/ucrt64/bin/../lib/gcc/x86_64-w64-mingw32/14.1.0/../../../../lib/libkernel32.a(libkernel32s01007.o)
                0x0000000140008318                __imp_LeaveCriticalSection
 .idata$5       0x0000000140008320        0x8 C:/msys64/ucrt64/bin/../lib/gcc/x86_64-w64-mingw32/14.1.0/../../../../lib/libkernel32.a(libkernel32s01427.o)
                0x0000000140008320                __imp_SetUnhandledExceptionFilter
 .idata$5       0x0000000140008328        0x8 C:/msys64/ucrt64/bin/../lib/gcc/x86_64-w64-mingw32/14.1.0/../../../../lib/libkernel32.a(libkernel32s01443.o)
                0x0000000140008328                __imp_Sleep
 .idata$5       0x0000000140008330        0x8 C:/msys64/ucrt64/bin/../lib/gcc/x86_64-w64-mingw32/14.1.0/../../../../lib/libkernel32.a(libkernel32s01479.o)
                0x0000000140008330                __imp_TlsGetValue
 .idata$5       0x0000000140008338        0x8 C:/msys64/ucrt64/bin/../lib/gcc/x86_64-w64-mingw32/14.1.0/../../../../lib/libkernel32.a(libkernel32s01526.o)
                0x0000000140008338                __imp_VirtualProtect
 .idata$5       0x0000000140008340        0x8 C:/msys64/ucrt64/bin/../lib/gcc/x86_64-w64-mingw32/14.1.0/../../../../lib/libkernel32.a(libkernel32s01528.o)
                0x0000000140008340                __imp_VirtualQuery
 .idata$5       0x0000000140008348        0x8 C:/msys64/ucrt64/bin/../lib/gcc/x86_64-w64-mingw32/14.1.0/../../../../lib/libkernel32.a(libkernel32s01618.o)
                0x0000000140008348                __imp___C_specific_handler
 .idata$5       0x0000000140008350        0x8 C:/msys64/ucrt64/bin/../lib/gcc/x86_64-w64-mingw32/14.1.0/../../../../lib/libkernel32.a(libkernel32t.o)
 .idata$5       0x0000000140008358        0x0 C:/msys64/ucrt64/bin/../lib/gcc/x86_64-w64-mingw32/14.1.0/../../../../lib/libmsvcrt.a(libapi-ms-win-crt-environment-l1-1-0h.o)
 .idata$5       0x0000000140008358        0x8 C:/msys64/ucrt64/bin/../lib/gcc/x86_64-w64-mingw32/14.1.0/../../../../lib/libmsvcrt.a(libapi-ms-win-crt-environment-l1-1-0s00000.o)
                0x0000000140008358                __imp___p__environ
 .idata$5       0x0000000140008360        0x8 C:/msys64/ucrt64/bin/../lib/gcc/x86_64-w64-mingw32/14.1.0/../../../../lib/libmsvcrt.a(libapi-ms-win-crt-environment-l1-1-0s00001.o)
                0x0000000140008360                __imp___p__wenviron
 .idata$5       0x0000000140008368        0x8 C:/msys64/ucrt64/bin/../lib/gcc/x86_64-w64-mingw32/14.1.0/../../../../lib/libmsvcrt.a(libapi-ms-win-crt-environment-l1-1-0t.o)
 .idata$5       0x0000000140008370        0x0 C:/msys64/ucrt64/bin/../lib/gcc/x86_64-w64-mingw32/14.1.0/../../../../lib/libmsvcrt.a(libapi-ms-win-crt-heap-l1-1-0h.o)
 .idata$5       0x0000000140008370        0x8 C:/msys64/ucrt64/bin/../lib/gcc/x86_64-w64-mingw32/14.1.0/../../../../lib/libmsvcrt.a(libapi-ms-win-crt-heap-l1-1-0s00023.o)
                0x0000000140008370                __imp__set_new_mode
 .idata$5       0x0000000140008378        0x8 C:/msys64/ucrt64/bin/../lib/gcc/x86_64-w64-mingw32/14.1.0/../../../../lib/libmsvcrt.a(libapi-ms-win-crt-heap-l1-1-0s00024.o)
                0x0000000140008378                __imp_calloc
 .idata$5       0x0000000140008380        0x8 C:/msys64/ucrt64/bin/../lib/gcc/x86_64-w64-mingw32/14.1.0/../../../../lib/libmsvcrt.a(libapi-ms-win-crt-heap-l1-1-0s00025.o)
                0x0000000140008380                __imp_free
 .idata$5       0x0000000140008388        0x8 C:/msys64/ucrt64/bin/../lib/gcc/x86_64-w64-mingw32/14.1.0/../../../../lib/libmsvcrt.a(libapi-ms-win-crt-heap-l1-1-0s00026.o)
                0x0000000140008388                __imp_malloc
 .idata$5       0x0000000140008390        0x8 C:/msys64/ucrt64/bin/../lib/gcc/x86_64-w64-mingw32/14.1.0/../../../../lib/libmsvcrt.a(libapi-ms-win-crt-heap-l1-1-0t.o)
 .idata$5       0x0000000140008398        0x0 C:/msys64/ucrt64/bin/../lib/gcc/x86_64-w64-mingw32/14.1.0/../../../../lib/libmsvcrt.a(libapi-ms-win-crt-math-l1-1-0h.o)
 .idata$5       0x0000000140008398        0x8 C:/msys64/ucrt64/bin/../lib/gcc/x86_64-w64-mingw32/14.1.0/../../../../lib/libmsvcrt.a(libapi-ms-win-crt-math-l1-1-0s00009.o)
                0x0000000140008398                __imp___setusermatherr
 .idata$5       0x00000001400083a0        0x8 C:/msys64/ucrt64/bin/../lib/gcc/x86_64-w64-mingw32/14.1.0/../../../../lib/libmsvcrt.a(libapi-ms-win-crt-math-l1-1-0t.o)
 .idata$5       0x00000001400083a8        0x0 C:/msys64/ucrt64/bin/../lib/gcc/x86_64-w64-mingw32/14.1.0/../../../../lib/libmsvcrt.a(libapi-ms-win-crt-private-l1-1-0h.o)
 .idata$5       0x00000001400083a8        0x8 C:/msys64/ucrt64/bin/../lib/gcc/x86_64-w64-mingw32/14.1.0/../../../../lib/libmsvcrt.a(libapi-ms-win-crt-private-l1-1-0s01143.o)
                0x00000001400083a8                __imp_memcpy
 .idata$5       0x00000001400083b0        0x8 C:/msys64/ucrt64/bin/../lib/gcc/x86_64-w64-mingw32/14.1.0/../../../../lib/libmsvcrt.a(libapi-ms-win-crt-private-l1-1-0t.o)
 .idata$5       0x00000001400083b8        0x0 C:/msys64/ucrt64/bin/../lib/gcc/x86_64-w64-mingw32/14.1.0/../../../../lib/libmsvcrt.a(libapi-ms-win-crt-runtime-l1-1-0h.o)
 .idata$5       0x00000001400083b8        0x8 C:/msys64/ucrt64/bin/../lib/gcc/x86_64-w64-mingw32/14.1.0/../../../../lib/libmsvcrt.a(libapi-ms-win-crt-runtime-l1-1-0s00004.o)
                0x00000001400083b8                __imp___p___argc
 .idata$5       0x00000001400083c0        0x8 C:/msys64/ucrt64/bin/../lib/gcc/x86_64-w64-mingw32/14.1.0/../../../../lib/libmsvcrt.a(libapi-ms-win-crt-runtime-l1-1-0s00005.o)
                0x00000001400083c0                __imp___p___argv
 .idata$5       0x00000001400083c8        0x8 C:/msys64/ucrt64/bin/../lib/gcc/x86_64-w64-mingw32/14.1.0/../../../../lib/libmsvcrt.a(libapi-ms-win-crt-runtime-l1-1-0s00006.o)
                0x00000001400083c8                __imp___p___wargv
 .idata$5       0x00000001400083d0        0x8 C:/msys64/ucrt64/bin/../lib/gcc/x86_64-w64-mingw32/14.1.0/../../../../lib/libmsvcrt.a(libapi-ms-win-crt-runtime-l1-1-0s00022.o)
                0x00000001400083d0                __imp__cexit
 .idata$5       0x00000001400083d8        0x8 C:/msys64/ucrt64/bin/../lib/gcc/x86_64-w64-mingw32/14.1.0/../../../../lib/libmsvcrt.a(libapi-ms-win-crt-runtime-l1-1-0s00024.o)
                0x00000001400083d8                __imp__configure_narrow_argv
 .idata$5       0x00000001400083e0        0x8 C:/msys64/ucrt64/bin/../lib/gcc/x86_64-w64-mingw32/14.1.0/../../../../lib/libmsvcrt.a(libapi-ms-win-crt-runtime-l1-1-0s00025.o)
                0x00000001400083e0                __imp__configure_wide_argv
 .idata$5       0x00000001400083e8        0x8 C:/msys64/ucrt64/bin/../lib/gcc/x86_64-w64-mingw32/14.1.0/../../../../lib/libmsvcrt.a(libapi-ms-win-crt-runtime-l1-1-0s00029.o)
                0x00000001400083e8                __imp__crt_at_quick_exit
 .idata$5       0x00000001400083f0        0x8 C:/msys64/ucrt64/bin/../lib/gcc/x86_64-w64-mingw32/14.1.0/../../../../lib/libmsvcrt.a(libapi-ms-win-crt-runtime-l1-1-0s00030.o)
                0x00000001400083f0                __imp__crt_atexit
 .idata$5       0x00000001400083f8        0x8 C:/msys64/ucrt64/bin/../lib/gcc/x86_64-w64-mingw32/14.1.0/../../../../lib/libmsvcrt.a(libapi-ms-win-crt-runtime-l1-1-0s00036.o)
                0x00000001400083f8                __imp__exit
 .idata$5       0x0000000140008400        0x8 C:/msys64/ucrt64/bin/../lib/gcc/x86_64-w64-mingw32/14.1.0/../../../../lib/libmsvcrt.a(libapi-ms-win-crt-runtime-l1-1-0s00053.o)
                0x0000000140008400                __imp__initialize_narrow_environment
 .idata$5       0x0000000140008408        0x8 C:/msys64/ucrt64/bin/../lib/gcc/x86_64-w64-mingw32/14.1.0/../../../../lib/libmsvcrt.a(libapi-ms-win-crt-runtime-l1-1-0s00055.o)
                0x0000000140008408                __imp__initialize_wide_environment
 .idata$5       0x0000000140008410        0x8 C:/msys64/ucrt64/bin/../lib/gcc/x86_64-w64-mingw32/14.1.0/../../../../lib/libmsvcrt.a(libapi-ms-win-crt-runtime-l1-1-0s00056.o)
                0x0000000140008410                __imp__initterm
 .idata$5       0x0000000140008418        0x8 C:/msys64/ucrt64/bin/../lib/gcc/x86_64-w64-mingw32/14.1.0/../../../../lib/libmsvcrt.a(libapi-ms-win-crt-runtime-l1-1-0s00068.o)
                0x0000000140008418                __imp___set_app_type
 .idata$5       0x0000000140008420        0x8 C:/msys64/ucrt64/bin/../lib/gcc/x86_64-w64-mingw32/14.1.0/../../../../lib/libmsvcrt.a(libapi-ms-win-crt-runtime-l1-1-0s00074.o)
                0x0000000140008420                __imp__set_invalid_parameter_handler
 .idata$5       0x0000000140008428        0x8 C:/msys64/ucrt64/bin/../lib/gcc/x86_64-w64-mingw32/14.1.0/../../../../lib/libmsvcrt.a(libapi-ms-win-crt-runtime-l1-1-0s00087.o)
                0x0000000140008428                __imp_abort
 .idata$5       0x0000000140008430        0x8 C:/msys64/ucrt64/bin/../lib/gcc/x86_64-w64-mingw32/14.1.0/../../../../lib/libmsvcrt.a(libapi-ms-win-crt-runtime-l1-1-0s00088.o)
                0x0000000140008430                __imp_exit
 .idata$5       0x0000000140008438        0x8 C:/msys64/ucrt64/bin/../lib/gcc/x86_64-w64-mingw32/14.1.0/../../../../lib/libmsvcrt.a(libapi-ms-win-crt-runtime-l1-1-0s00102.o)
                0x0000000140008438                __imp_signal
 .idata$5       0x0000000140008440        0x8 C:/msys64/ucrt64/bin/../lib/gcc/x86_64-w64-mingw32/14.1.0/../../../../lib/libmsvcrt.a(libapi-ms-win-crt-runtime-l1-1-0s00105.o)
                0x0000000140008440                __imp_system
 .idata$5       0x0000000140008448        0x8 C:/msys64/ucrt64/bin/../lib/gcc/x86_64-w64-mingw32/14.1.0/../../../../lib/libmsvcrt.a(libapi-ms-win-crt-runtime-l1-1-0t.o)
 .idata$5       0x0000000140008450        0x0 C:/msys64/ucrt64/bin/../lib/gcc/x86_64-w64-mingw32/14.1.0/../../../../lib/libmsvcrt.a(libapi-ms-win-crt-stdio-l1-1-0h.o)
 .idata$5       0x0000000140008450        0x8 C:/msys64/ucrt64/bin/../lib/gcc/x86_64-w64-mingw32/14.1.0/../../../../lib/libmsvcrt.a(libapi-ms-win-crt-stdio-l1-1-0s00000.o)
                0x0000000140008450                __imp___acrt_iob_func
 .idata$5       0x0000000140008458        0x8 C:/msys64/ucrt64/bin/../lib/gcc/x86_64-w64-mingw32/14.1.0/../../../../lib/libmsvcrt.a(libapi-ms-win-crt-stdio-l1-1-0s00001.o)
                0x0000000140008458                __imp___p__commode
 .idata$5       0x0000000140008460        0x8 C:/msys64/ucrt64/bin/../lib/gcc/x86_64-w64-mingw32/14.1.0/../../../../lib/libmsvcrt.a(libapi-ms-win-crt-stdio-l1-1-0s00002.o)
                0x0000000140008460                __imp___p__fmode
 .idata$5       0x0000000140008468        0x8 C:/msys64/ucrt64/bin/../lib/gcc/x86_64-w64-mingw32/14.1.0/../../../../lib/libmsvcrt.a(libapi-ms-win-crt-stdio-l1-1-0s00003.o)
                0x0000000140008468                __imp___stdio_common_vfprintf
 .idata$5       0x0000000140008470        0x8 C:/msys64/ucrt64/bin/../lib/gcc/x86_64-w64-mingw32/14.1.0/../../../../lib/libmsvcrt.a(libapi-ms-win-crt-stdio-l1-1-0s00006.o)
                0x0000000140008470                __imp___stdio_common_vfscanf
 .idata$5       0x0000000140008478        0x8 C:/msys64/ucrt64/bin/../lib/gcc/x86_64-w64-mingw32/14.1.0/../../../../lib/libmsvcrt.a(libapi-ms-win-crt-stdio-l1-1-0s00007.o)
                0x0000000140008478                __imp___stdio_common_vfwprintf
 .idata$5       0x0000000140008480        0x8 C:/msys64/ucrt64/bin/../lib/gcc/x86_64-w64-mingw32/14.1.0/../../../../lib/libmsvcrt.a(libapi-ms-win-crt-stdio-l1-1-0s00169.o)
                0x0000000140008480                __imp_fwrite
 .idata$5       0x0000000140008488        0x8 C:/msys64/ucrt64/bin/../lib/gcc/x86_64-w64-mingw32/14.1.0/../../../../lib/libmsvcrt.a(libapi-ms-win-crt-stdio-l1-1-0t.o)
 .idata$5       0x0000000140008490        0x0 C:/msys64/ucrt64/bin/../lib/gcc/x86_64-w64-mingw32/14.1.0/../../../../lib/libmsvcrt.a(libapi-ms-win-crt-string-l1-1-0h.o)
 .idata$5       0x0000000140008490        0x8 C:/msys64/ucrt64/bin/../lib/gcc/x86_64-w64-mingw32/14.1.0/../../../../lib/libmsvcrt.a(libapi-ms-win-crt-string-l1-1-0s00167.o)
                0x0000000140008490                __imp_strlen
 .idata$5       0x0000000140008498        0x8 C:/msys64/ucrt64/bin/../lib/gcc/x86_64-w64-mingw32/14.1.0/../../../../lib/libmsvcrt.a(libapi-ms-win-crt-string-l1-1-0s00170.o)
                0x0000000140008498                __imp_strncmp
 .idata$5       0x00000001400084a0        0x8 C:/msys64/ucrt64/bin/../lib/gcc/x86_64-w64-mingw32/14.1.0/../../../../lib/libmsvcrt.a(libapi-ms-win-crt-string-l1-1-0t.o)
 .idata$5       0x00000001400084a8        0x0 C:/msys64/ucrt64/bin/../lib/gcc/x86_64-w64-mingw32/14.1.0/../../../../lib/libmsvcrt.a(libapi-ms-win-crt-time-l1-1-0h.o)
 .idata$5       0x00000001400084a8        0x8 C:/msys64/ucrt64/bin/../lib/gcc/x86_64-w64-mingw32/14.1.0/../../../../lib/libmsvcrt.a(libapi-ms-win-crt-time-l1-1-0s00010.o)
                0x00000001400084a8                __imp___daylight
 .idata$5       0x00000001400084b0        0x8 C:/msys64/ucrt64/bin/../lib/gcc/x86_64-w64-mingw32/14.1.0/../../../../lib/libmsvcrt.a(libapi-ms-win-crt-time-l1-1-0s00012.o)
                0x00000001400084b0                __imp___timezone
 .idata$5       0x00000001400084b8        0x8 C:/msys64/ucrt64/bin/../lib/gcc/x86_64-w64-mingw32/14.1.0/../../../../lib/libmsvcrt.a(libapi-ms-win-crt-time-l1-1-0s00013.o)
                0x00000001400084b8                __imp___tzname
 .idata$5       0x00000001400084c0        0x8 C:/msys64/ucrt64/bin/../lib/gcc/x86_64-w64-mingw32/14.1.0/../../../../lib/libmsvcrt.a(libapi-ms-win-crt-time-l1-1-0s00061.o)
                0x00000001400084c0                __imp__tzset
 .idata$5       0x00000001400084c8        0x8 C:/msys64/ucrt64/bin/../lib/gcc/x86_64-w64-mingw32/14.1.0/../../../../lib/libmsvcrt.a(libapi-ms-win-crt-time-l1-1-0t.o)
 .idata$5       0x00000001400084d0        0x0 C:/msys64/ucrt64/bin/../lib/gcc/x86_64-w64-mingw32/14.1.0/../../../../lib/libstdc++.dll.a(libstdc___6_dll_d000000.o)
 .idata$5       0x00000001400084d0        0x8 C:/msys64/ucrt64/bin/../lib/gcc/x86_64-w64-mingw32/14.1.0/../../../../lib/libstdc++.dll.a(libstdc___6_dll_d001871.o)
                0x00000001400084d0                __imp__ZNSirsERi
 .idata$5       0x00000001400084d8        0x8 C:/msys64/ucrt64/bin/../lib/gcc/x86_64-w64-mingw32/14.1.0/../../../../lib/libstdc++.dll.a(libstdc___6_dll_d001912.o)
                0x00000001400084d8                __imp__ZNSolsEPFRSoS_E
 .idata$5       0x00000001400084e0        0x8 C:/msys64/ucrt64/bin/../lib/gcc/x86_64-w64-mingw32/14.1.0/../../../../lib/libstdc++.dll.a(libstdc___6_dll_d001921.o)
                0x00000001400084e0                __imp__ZNSolsEi
 .idata$5       0x00000001400084e8        0x8 C:/msys64/ucrt64/bin/../lib/gcc/x86_64-w64-mingw32/14.1.0/../../../../lib/libstdc++.dll.a(libstdc___6_dll_d005578.o)
                0x00000001400084e8                __imp__ZSt3cin
                0x00000001400084e8                __imp__ZSt3cin
 .idata$5       0x00000001400084f0        0x8 C:/msys64/ucrt64/bin/../lib/gcc/x86_64-w64-mingw32/14.1.0/../../../../lib/libstdc++.dll.a(libstdc___6_dll_d005581.o)
                0x00000001400084f0                __imp__ZSt4cout
                0x00000001400084f0                __imp__ZSt4cout
 .idata$5       0x00000001400084f8        0x8 C:/msys64/ucrt64/bin/../lib/gcc/x86_64-w64-mingw32/14.1.0/../../../../lib/libstdc++.dll.a(libstdc___6_dll_d005582.o)
                0x00000001400084f8                __imp__ZSt4endlIcSt11char_traitsIcEERSt13basic_ostreamIT_T0_ES6_
 .idata$5       0x0000000140008500        0x8 C:/msys64/ucrt64/bin/../lib/gcc/x86_64-w64-mingw32/14.1.0/../../../../lib/libstdc++.dll.a(libstdc___6_dll_d005701.o)
                0x0000000140008500                __imp__ZStlsISt11char_traitsIcEERSt13basic_ostreamIcT_ES5_PKc
 .idata$5       0x0000000140008508        0x8 C:/msys64/ucrt64/bin/../lib/gcc/x86_64-w64-mingw32/14.1.0/../../../../lib/libstdc++.dll.a(libstdc___6_dll_d006854.o)
                0x0000000140008510                __IAT_end__ = .
 SORT_BY_NAME(*)(.idata$6)
 .idata$6       0x0000000140008510       0x18 C:/msys64/ucrt64/bin/../lib/gcc/x86_64-w64-mingw32/14.1.0/../../../../lib/libkernel32.a(libkernel32s00292.o)
 .idata$6       0x0000000140008528       0x18 C:/msys64/ucrt64/bin/../lib/gcc/x86_64-w64-mingw32/14.1.0/../../../../lib/libkernel32.a(libkernel32s00330.o)
 .idata$6       0x0000000140008540       0x10 C:/msys64/ucrt64/bin/../lib/gcc/x86_64-w64-mingw32/14.1.0/../../../../lib/libkernel32.a(libkernel32s00643.o)
 .idata$6       0x0000000140008550       0x1c C:/msys64/ucrt64/bin/../lib/gcc/x86_64-w64-mingw32/14.1.0/../../../../lib/libkernel32.a(libkernel32s00913.o)
 .idata$6       0x000000014000856c       0x18 C:/msys64/ucrt64/bin/../lib/gcc/x86_64-w64-mingw32/14.1.0/../../../../lib/libkernel32.a(libkernel32s01007.o)
 .idata$6       0x0000000140008584       0x1e C:/msys64/ucrt64/bin/../lib/gcc/x86_64-w64-mingw32/14.1.0/../../../../lib/libkernel32.a(libkernel32s01427.o)
 .idata$6       0x00000001400085a2        0x8 C:/msys64/ucrt64/bin/../lib/gcc/x86_64-w64-mingw32/14.1.0/../../../../lib/libkernel32.a(libkernel32s01443.o)
 .idata$6       0x00000001400085aa        0xe C:/msys64/ucrt64/bin/../lib/gcc/x86_64-w64-mingw32/14.1.0/../../../../lib/libkernel32.a(libkernel32s01479.o)
 .idata$6       0x00000001400085b8       0x12 C:/msys64/ucrt64/bin/../lib/gcc/x86_64-w64-mingw32/14.1.0/../../../../lib/libkernel32.a(libkernel32s01526.o)
 .idata$6       0x00000001400085ca       0x10 C:/msys64/ucrt64/bin/../lib/gcc/x86_64-w64-mingw32/14.1.0/../../../../lib/libkernel32.a(libkernel32s01528.o)
 .idata$6       0x00000001400085da       0x18 C:/msys64/ucrt64/bin/../lib/gcc/x86_64-w64-mingw32/14.1.0/../../../../lib/libkernel32.a(libkernel32s01618.o)
 .idata$6       0x00000001400085f2       0x10 C:/msys64/ucrt64/bin/../lib/gcc/x86_64-w64-mingw32/14.1.0/../../../../lib/libmsvcrt.a(libapi-ms-win-crt-environment-l1-1-0s00000.o)
 .idata$6       0x0000000140008602       0x10 C:/msys64/ucrt64/bin/../lib/gcc/x86_64-w64-mingw32/14.1.0/../../../../lib/libmsvcrt.a(libapi-ms-win-crt-environment-l1-1-0s00001.o)
 .idata$6       0x0000000140008612       0x10 C:/msys64/ucrt64/bin/../lib/gcc/x86_64-w64-mingw32/14.1.0/../../../../lib/libmsvcrt.a(libapi-ms-win-crt-heap-l1-1-0s00023.o)
 .idata$6       0x0000000140008622        0xa C:/msys64/ucrt64/bin/../lib/gcc/x86_64-w64-mingw32/14.1.0/../../../../lib/libmsvcrt.a(libapi-ms-win-crt-heap-l1-1-0s00024.o)
 .idata$6       0x000000014000862c        0x8 C:/msys64/ucrt64/bin/../lib/gcc/x86_64-w64-mingw32/14.1.0/../../../../lib/libmsvcrt.a(libapi-ms-win-crt-heap-l1-1-0s00025.o)
 .idata$6       0x0000000140008634        0xa C:/msys64/ucrt64/bin/../lib/gcc/x86_64-w64-mingw32/14.1.0/../../../../lib/libmsvcrt.a(libapi-ms-win-crt-heap-l1-1-0s00026.o)
 .idata$6       0x000000014000863e       0x14 C:/msys64/ucrt64/bin/../lib/gcc/x86_64-w64-mingw32/14.1.0/../../../../lib/libmsvcrt.a(libapi-ms-win-crt-math-l1-1-0s00009.o)
 .idata$6       0x0000000140008652        0xa C:/msys64/ucrt64/bin/../lib/gcc/x86_64-w64-mingw32/14.1.0/../../../../lib/libmsvcrt.a(libapi-ms-win-crt-private-l1-1-0s01143.o)
 .idata$6       0x000000014000865c        0xe C:/msys64/ucrt64/bin/../lib/gcc/x86_64-w64-mingw32/14.1.0/../../../../lib/libmsvcrt.a(libapi-ms-win-crt-runtime-l1-1-0s00004.o)
 .idata$6       0x000000014000866a        0xe C:/msys64/ucrt64/bin/../lib/gcc/x86_64-w64-mingw32/14.1.0/../../../../lib/libmsvcrt.a(libapi-ms-win-crt-runtime-l1-1-0s00005.o)
 .idata$6       0x0000000140008678        0xe C:/msys64/ucrt64/bin/../lib/gcc/x86_64-w64-mingw32/14.1.0/../../../../lib/libmsvcrt.a(libapi-ms-win-crt-runtime-l1-1-0s00006.o)
 .idata$6       0x0000000140008686        0xa C:/msys64/ucrt64/bin/../lib/gcc/x86_64-w64-mingw32/14.1.0/../../../../lib/libmsvcrt.a(libapi-ms-win-crt-runtime-l1-1-0s00022.o)
 .idata$6       0x0000000140008690       0x1a C:/msys64/ucrt64/bin/../lib/gcc/x86_64-w64-mingw32/14.1.0/../../../../lib/libmsvcrt.a(libapi-ms-win-crt-runtime-l1-1-0s00024.o)
 .idata$6       0x00000001400086aa       0x18 C:/msys64/ucrt64/bin/../lib/gcc/x86_64-w64-mingw32/14.1.0/../../../../lib/libmsvcrt.a(libapi-ms-win-crt-runtime-l1-1-0s00025.o)
 .idata$6       0x00000001400086c2       0x16 C:/msys64/ucrt64/bin/../lib/gcc/x86_64-w64-mingw32/14.1.0/../../../../lib/libmsvcrt.a(libapi-ms-win-crt-runtime-l1-1-0s00029.o)
 .idata$6       0x00000001400086d8        0xe C:/msys64/ucrt64/bin/../lib/gcc/x86_64-w64-mingw32/14.1.0/../../../../lib/libmsvcrt.a(libapi-ms-win-crt-runtime-l1-1-0s00030.o)
 .idata$6       0x00000001400086e6        0x8 C:/msys64/ucrt64/bin/../lib/gcc/x86_64-w64-mingw32/14.1.0/../../../../lib/libmsvcrt.a(libapi-ms-win-crt-runtime-l1-1-0s00036.o)
 .idata$6       0x00000001400086ee       0x22 C:/msys64/ucrt64/bin/../lib/gcc/x86_64-w64-mingw32/14.1.0/../../../../lib/libmsvcrt.a(libapi-ms-win-crt-runtime-l1-1-0s00053.o)
 .idata$6       0x0000000140008710       0x20 C:/msys64/ucrt64/bin/../lib/gcc/x86_64-w64-mingw32/14.1.0/../../../../lib/libmsvcrt.a(libapi-ms-win-crt-runtime-l1-1-0s00055.o)
 .idata$6       0x0000000140008730        0xc C:/msys64/ucrt64/bin/../lib/gcc/x86_64-w64-mingw32/14.1.0/../../../../lib/libmsvcrt.a(libapi-ms-win-crt-runtime-l1-1-0s00056.o)
 .idata$6       0x000000014000873c       0x10 C:/msys64/ucrt64/bin/../lib/gcc/x86_64-w64-mingw32/14.1.0/../../../../lib/libmsvcrt.a(libapi-ms-win-crt-runtime-l1-1-0s00068.o)
 .idata$6       0x000000014000874c       0x22 C:/msys64/ucrt64/bin/../lib/gcc/x86_64-w64-mingw32/14.1.0/../../../../lib/libmsvcrt.a(libapi-ms-win-crt-runtime-l1-1-0s00074.o)
 .idata$6       0x000000014000876e        0x8 C:/msys64/ucrt64/bin/../lib/gcc/x86_64-w64-mingw32/14.1.0/../../../../lib/libmsvcrt.a(libapi-ms-win-crt-runtime-l1-1-0s00087.o)
 .idata$6       0x0000000140008776        0x8 C:/msys64/ucrt64/bin/../lib/gcc/x86_64-w64-mingw32/14.1.0/../../../../lib/libmsvcrt.a(libapi-ms-win-crt-runtime-l1-1-0s00088.o)
 .idata$6       0x000000014000877e        0xa C:/msys64/ucrt64/bin/../lib/gcc/x86_64-w64-mingw32/14.1.0/../../../../lib/libmsvcrt.a(libapi-ms-win-crt-runtime-l1-1-0s00102.o)
 .idata$6       0x0000000140008788        0xa C:/msys64/ucrt64/bin/../lib/gcc/x86_64-w64-mingw32/14.1.0/../../../../lib/libmsvcrt.a(libapi-ms-win-crt-runtime-l1-1-0s00105.o)
 .idata$6       0x0000000140008792       0x12 C:/msys64/ucrt64/bin/../lib/gcc/x86_64-w64-mingw32/14.1.0/../../../../lib/libmsvcrt.a(libapi-ms-win-crt-stdio-l1-1-0s00000.o)
 .idata$6       0x00000001400087a4       0x10 C:/msys64/ucrt64/bin/../lib/gcc/x86_64-w64-mingw32/14.1.0/../../../../lib/libmsvcrt.a(libapi-ms-win-crt-stdio-l1-1-0s00001.o)
 .idata$6       0x00000001400087b4        0xe C:/msys64/ucrt64/bin/../lib/gcc/x86_64-w64-mingw32/14.1.0/../../../../lib/libmsvcrt.a(libapi-ms-win-crt-stdio-l1-1-0s00002.o)
 .idata$6       0x00000001400087c2       0x1a C:/msys64/ucrt64/bin/../lib/gcc/x86_64-w64-mingw32/14.1.0/../../../../lib/libmsvcrt.a(libapi-ms-win-crt-stdio-l1-1-0s00003.o)
 .idata$6       0x00000001400087dc       0x1a C:/msys64/ucrt64/bin/../lib/gcc/x86_64-w64-mingw32/14.1.0/../../../../lib/libmsvcrt.a(libapi-ms-win-crt-stdio-l1-1-0s00006.o)
 .idata$6       0x00000001400087f6       0x1c C:/msys64/ucrt64/bin/../lib/gcc/x86_64-w64-mingw32/14.1.0/../../../../lib/libmsvcrt.a(libapi-ms-win-crt-stdio-l1-1-0s00007.o)
 .idata$6       0x0000000140008812        0xa C:/msys64/ucrt64/bin/../lib/gcc/x86_64-w64-mingw32/14.1.0/../../../../lib/libmsvcrt.a(libapi-ms-win-crt-stdio-l1-1-0s00169.o)
 .idata$6       0x000000014000881c        0xa C:/msys64/ucrt64/bin/../lib/gcc/x86_64-w64-mingw32/14.1.0/../../../../lib/libmsvcrt.a(libapi-ms-win-crt-string-l1-1-0s00167.o)
 .idata$6       0x0000000140008826        0xa C:/msys64/ucrt64/bin/../lib/gcc/x86_64-w64-mingw32/14.1.0/../../../../lib/libmsvcrt.a(libapi-ms-win-crt-string-l1-1-0s00170.o)
 .idata$6       0x0000000140008830        0xe C:/msys64/ucrt64/bin/../lib/gcc/x86_64-w64-mingw32/14.1.0/../../../../lib/libmsvcrt.a(libapi-ms-win-crt-time-l1-1-0s00010.o)
 .idata$6       0x000000014000883e        0xe C:/msys64/ucrt64/bin/../lib/gcc/x86_64-w64-mingw32/14.1.0/../../../../lib/libmsvcrt.a(libapi-ms-win-crt-time-l1-1-0s00012.o)
 .idata$6       0x000000014000884c        0xc C:/msys64/ucrt64/bin/../lib/gcc/x86_64-w64-mingw32/14.1.0/../../../../lib/libmsvcrt.a(libapi-ms-win-crt-time-l1-1-0s00013.o)
 .idata$6       0x0000000140008858        0xa C:/msys64/ucrt64/bin/../lib/gcc/x86_64-w64-mingw32/14.1.0/../../../../lib/libmsvcrt.a(libapi-ms-win-crt-time-l1-1-0s00061.o)
 *fill*         0x0000000140008862        0x2 
 .idata$6       0x0000000140008864       0x10 C:/msys64/ucrt64/bin/../lib/gcc/x86_64-w64-mingw32/14.1.0/../../../../lib/libstdc++.dll.a(libstdc___6_dll_d001871.o)
 .idata$6       0x0000000140008874       0x14 C:/msys64/ucrt64/bin/../lib/gcc/x86_64-w64-mingw32/14.1.0/../../../../lib/libstdc++.dll.a(libstdc___6_dll_d001912.o)
 .idata$6       0x0000000140008888        0xc C:/msys64/ucrt64/bin/../lib/gcc/x86_64-w64-mingw32/14.1.0/../../../../lib/libstdc++.dll.a(libstdc___6_dll_d001921.o)
 .idata$6       0x0000000140008894        0xc C:/msys64/ucrt64/bin/../lib/gcc/x86_64-w64-mingw32/14.1.0/../../../../lib/libstdc++.dll.a(libstdc___6_dll_d005578.o)
                0x0000000140008894                __nm__ZSt3cin
 .idata$6       0x00000001400088a0        0xc C:/msys64/ucrt64/bin/../lib/gcc/x86_64-w64-mingw32/14.1.0/../../../../lib/libstdc++.dll.a(libstdc___6_dll_d005581.o)
                0x00000001400088a0                __nm__ZSt4cout
 .idata$6       0x00000001400088ac       0x40 C:/msys64/ucrt64/bin/../lib/gcc/x86_64-w64-mingw32/14.1.0/../../../../lib/libstdc++.dll.a(libstdc___6_dll_d005582.o)
 .idata$6       0x00000001400088ec       0x3c C:/msys64/ucrt64/bin/../lib/gcc/x86_64-w64-mingw32/14.1.0/../../../../lib/libstdc++.dll.a(libstdc___6_dll_d005701.o)
 SORT_BY_NAME(*)(.idata$7)
 .idata$7       0x0000000140008928        0x4 C:/msys64/ucrt64/bin/../lib/gcc/x86_64-w64-mingw32/14.1.0/../../../../lib/libkernel32.a(libkernel32s00292.o)
 .idata$7       0x000000014000892c        0x4 C:/msys64/ucrt64/bin/../lib/gcc/x86_64-w64-mingw32/14.1.0/../../../../lib/libkernel32.a(libkernel32s00330.o)
 .idata$7       0x0000000140008930        0x4 C:/msys64/ucrt64/bin/../lib/gcc/x86_64-w64-mingw32/14.1.0/../../../../lib/libkernel32.a(libkernel32s00643.o)
 .idata$7       0x0000000140008934        0x4 C:/msys64/ucrt64/bin/../lib/gcc/x86_64-w64-mingw32/14.1.0/../../../../lib/libkernel32.a(libkernel32s00913.o)
 .idata$7       0x0000000140008938        0x4 C:/msys64/ucrt64/bin/../lib/gcc/x86_64-w64-mingw32/14.1.0/../../../../lib/libkernel32.a(libkernel32s01007.o)
 .idata$7       0x000000014000893c        0x4 C:/msys64/ucrt64/bin/../lib/gcc/x86_64-w64-mingw32/14.1.0/../../../../lib/libkernel32.a(libkernel32s01427.o)
 .idata$7       0x0000000140008940        0x4 C:/msys64/ucrt64/bin/../lib/gcc/x86_64-w64-mingw32/14.1.0/../../../../lib/libkernel32.a(libkernel32s01443.o)
 .idata$7       0x0000000140008944        0x4 C:/msys64/ucrt64/bin/../lib/gcc/x86_64-w64-mingw32/14.1.0/../../../../lib/libkernel32.a(libkernel32s01479.o)
 .idata$7       0x0000000140008948        0x4 C:/msys64/ucrt64/bin/../lib/gcc/x86_64-w64-mingw32/14.1.0/../../../../lib/libkernel32.a(libkernel32s01526.o)
 .idata$7       0x000000014000894c        0x4 C:/msys64/ucrt64/bin/../lib/gcc/x86_64-w64-mingw32/14.1.0/../../../../lib/libkernel32.a(libkernel32s01528.o)
 .idata$7       0x0000000140008950        0x4 C:/msys64/ucrt64/bin/../lib/gcc/x86_64-w64-mingw32/14.1.0/../../../../lib/libkernel32.a(libkernel32s01618.o)
 .idata$7       0x0000000140008954       0x10 C:/msys64/ucrt64/bin/../lib/gcc/x86_64-w64-mingw32/14.1.0/../../../../lib/libkernel32.a(libkernel32t.o)
                0x0000000140008954                __lib64_libkernel32_a_iname
 .idata$7       0x0000000140008964        0x4 C:/msys64/ucrt64/bin/../lib/gcc/x86_64-w64-mingw32/14.1.0/../../../../lib/libmsvcrt.a(libapi-ms-win-crt-environment-l1-1-0s00000.o)
 .idata$7       0x0000000140008968        0x4 C:/msys64/ucrt64/bin/../lib/gcc/x86_64-w64-mingw32/14.1.0/../../../../lib/libmsvcrt.a(libapi-ms-win-crt-environment-l1-1-0s00001.o)
 .idata$7       0x000000014000896c       0x28 C:/msys64/ucrt64/bin/../lib/gcc/x86_64-w64-mingw32/14.1.0/../../../../lib/libmsvcrt.a(libapi-ms-win-crt-environment-l1-1-0t.o)
                0x000000014000896c                __lib64_libapi_ms_win_crt_environment_l1_1_0_a_iname
 .idata$7       0x0000000140008994        0x4 C:/msys64/ucrt64/bin/../lib/gcc/x86_64-w64-mingw32/14.1.0/../../../../lib/libmsvcrt.a(libapi-ms-win-crt-heap-l1-1-0s00023.o)
 .idata$7       0x0000000140008998        0x4 C:/msys64/ucrt64/bin/../lib/gcc/x86_64-w64-mingw32/14.1.0/../../../../lib/libmsvcrt.a(libapi-ms-win-crt-heap-l1-1-0s00024.o)
 .idata$7       0x000000014000899c        0x4 C:/msys64/ucrt64/bin/../lib/gcc/x86_64-w64-mingw32/14.1.0/../../../../lib/libmsvcrt.a(libapi-ms-win-crt-heap-l1-1-0s00025.o)
 .idata$7       0x00000001400089a0        0x4 C:/msys64/ucrt64/bin/../lib/gcc/x86_64-w64-mingw32/14.1.0/../../../../lib/libmsvcrt.a(libapi-ms-win-crt-heap-l1-1-0s00026.o)
 .idata$7       0x00000001400089a4       0x20 C:/msys64/ucrt64/bin/../lib/gcc/x86_64-w64-mingw32/14.1.0/../../../../lib/libmsvcrt.a(libapi-ms-win-crt-heap-l1-1-0t.o)
                0x00000001400089a4                __lib64_libapi_ms_win_crt_heap_l1_1_0_a_iname
 .idata$7       0x00000001400089c4        0x4 C:/msys64/ucrt64/bin/../lib/gcc/x86_64-w64-mingw32/14.1.0/../../../../lib/libmsvcrt.a(libapi-ms-win-crt-math-l1-1-0s00009.o)
 .idata$7       0x00000001400089c8       0x20 C:/msys64/ucrt64/bin/../lib/gcc/x86_64-w64-mingw32/14.1.0/../../../../lib/libmsvcrt.a(libapi-ms-win-crt-math-l1-1-0t.o)
                0x00000001400089c8                __lib64_libapi_ms_win_crt_math_l1_1_0_a_iname
 .idata$7       0x00000001400089e8        0x4 C:/msys64/ucrt64/bin/../lib/gcc/x86_64-w64-mingw32/14.1.0/../../../../lib/libmsvcrt.a(libapi-ms-win-crt-private-l1-1-0s01143.o)
 .idata$7       0x00000001400089ec       0x24 C:/msys64/ucrt64/bin/../lib/gcc/x86_64-w64-mingw32/14.1.0/../../../../lib/libmsvcrt.a(libapi-ms-win-crt-private-l1-1-0t.o)
                0x00000001400089ec                __lib64_libapi_ms_win_crt_private_l1_1_0_a_iname
 .idata$7       0x0000000140008a10        0x4 C:/msys64/ucrt64/bin/../lib/gcc/x86_64-w64-mingw32/14.1.0/../../../../lib/libmsvcrt.a(libapi-ms-win-crt-runtime-l1-1-0s00004.o)
 .idata$7       0x0000000140008a14        0x4 C:/msys64/ucrt64/bin/../lib/gcc/x86_64-w64-mingw32/14.1.0/../../../../lib/libmsvcrt.a(libapi-ms-win-crt-runtime-l1-1-0s00005.o)
 .idata$7       0x0000000140008a18        0x4 C:/msys64/ucrt64/bin/../lib/gcc/x86_64-w64-mingw32/14.1.0/../../../../lib/libmsvcrt.a(libapi-ms-win-crt-runtime-l1-1-0s00006.o)
 .idata$7       0x0000000140008a1c        0x4 C:/msys64/ucrt64/bin/../lib/gcc/x86_64-w64-mingw32/14.1.0/../../../../lib/libmsvcrt.a(libapi-ms-win-crt-runtime-l1-1-0s00022.o)
 .idata$7       0x0000000140008a20        0x4 C:/msys64/ucrt64/bin/../lib/gcc/x86_64-w64-mingw32/14.1.0/../../../../lib/libmsvcrt.a(libapi-ms-win-crt-runtime-l1-1-0s00024.o)
 .idata$7       0x0000000140008a24        0x4 C:/msys64/ucrt64/bin/../lib/gcc/x86_64-w64-mingw32/14.1.0/../../../../lib/libmsvcrt.a(libapi-ms-win-crt-runtime-l1-1-0s00025.o)
 .idata$7       0x0000000140008a28        0x4 C:/msys64/ucrt64/bin/../lib/gcc/x86_64-w64-mingw32/14.1.0/../../../../lib/libmsvcrt.a(libapi-ms-win-crt-runtime-l1-1-0s00029.o)
 .idata$7       0x0000000140008a2c        0x4 C:/msys64/ucrt64/bin/../lib/gcc/x86_64-w64-mingw32/14.1.0/../../../../lib/libmsvcrt.a(libapi-ms-win-crt-runtime-l1-1-0s00030.o)
 .idata$7       0x0000000140008a30        0x4 C:/msys64/ucrt64/bin/../lib/gcc/x86_64-w64-mingw32/14.1.0/../../../../lib/libmsvcrt.a(libapi-ms-win-crt-runtime-l1-1-0s00036.o)